Archive member included because of file (symbol)

c:/program files/gcc-arm-none-eabi-4_9-2014/bin/../lib/gcc/arm-none-eabi/4.9.3/../../../../arm-none-eabi/lib/armv7e-m\libg.a(lib_a-assert.o)
                              out/mbrtu_m.o (__assert_func)
c:/program files/gcc-arm-none-eabi-4_9-2014/bin/../lib/gcc/arm-none-eabi/4.9.3/../../../../arm-none-eabi/lib/armv7e-m\libg.a(lib_a-fiprintf.o)
                              c:/program files/gcc-arm-none-eabi-4_9-2014/bin/../lib/gcc/arm-none-eabi/4.9.3/../../../../arm-none-eabi/lib/armv7e-m\libg.a(lib_a-assert.o) (fiprintf)
c:/program files/gcc-arm-none-eabi-4_9-2014/bin/../lib/gcc/arm-none-eabi/4.9.3/../../../../arm-none-eabi/lib/armv7e-m\libg.a(lib_a-impure.o)
                              c:/program files/gcc-arm-none-eabi-4_9-2014/bin/../lib/gcc/arm-none-eabi/4.9.3/../../../../arm-none-eabi/lib/armv7e-m\libg.a(lib_a-assert.o) (_impure_ptr)
c:/program files/gcc-arm-none-eabi-4_9-2014/bin/../lib/gcc/arm-none-eabi/4.9.3/../../../../arm-none-eabi/lib/armv7e-m\libg.a(lib_a-memcpy.o)
                              out/mbfuncother.o (memcpy)
c:/program files/gcc-arm-none-eabi-4_9-2014/bin/../lib/gcc/arm-none-eabi/4.9.3/../../../../arm-none-eabi/lib/armv7e-m\libg.a(lib_a-printf.o)
                              out/main.o (printf)
c:/program files/gcc-arm-none-eabi-4_9-2014/bin/../lib/gcc/arm-none-eabi/4.9.3/../../../../arm-none-eabi/lib/armv7e-m\libg.a(lib_a-puts.o)
                              out/main.o (puts)
c:/program files/gcc-arm-none-eabi-4_9-2014/bin/../lib/gcc/arm-none-eabi/4.9.3/../../../../arm-none-eabi/lib/armv7e-m\libg.a(lib_a-reent.o)
                              out/newlib_stubs.o (errno)
c:/program files/gcc-arm-none-eabi-4_9-2014/bin/../lib/gcc/arm-none-eabi/4.9.3/../../../../arm-none-eabi/lib/armv7e-m\libg.a(lib_a-strlen.o)
                              c:/program files/gcc-arm-none-eabi-4_9-2014/bin/../lib/gcc/arm-none-eabi/4.9.3/../../../../arm-none-eabi/lib/armv7e-m\libg.a(lib_a-puts.o) (strlen)
c:/program files/gcc-arm-none-eabi-4_9-2014/bin/../lib/gcc/arm-none-eabi/4.9.3/../../../../arm-none-eabi/lib/armv7e-m\libg.a(lib_a-vfiprintf.o)
                              c:/program files/gcc-arm-none-eabi-4_9-2014/bin/../lib/gcc/arm-none-eabi/4.9.3/../../../../arm-none-eabi/lib/armv7e-m\libg.a(lib_a-fiprintf.o) (_vfiprintf_r)
c:/program files/gcc-arm-none-eabi-4_9-2014/bin/../lib/gcc/arm-none-eabi/4.9.3/../../../../arm-none-eabi/lib/armv7e-m\libg.a(lib_a-vfprintf.o)
                              c:/program files/gcc-arm-none-eabi-4_9-2014/bin/../lib/gcc/arm-none-eabi/4.9.3/../../../../arm-none-eabi/lib/armv7e-m\libg.a(lib_a-printf.o) (_vfprintf_r)
c:/program files/gcc-arm-none-eabi-4_9-2014/bin/../lib/gcc/arm-none-eabi/4.9.3/../../../../arm-none-eabi/lib/armv7e-m\libg.a(lib_a-wsetup.o)
                              c:/program files/gcc-arm-none-eabi-4_9-2014/bin/../lib/gcc/arm-none-eabi/4.9.3/../../../../arm-none-eabi/lib/armv7e-m\libg.a(lib_a-vfiprintf.o) (__swsetup_r)
c:/program files/gcc-arm-none-eabi-4_9-2014/bin/../lib/gcc/arm-none-eabi/4.9.3/../../../../arm-none-eabi/lib/armv7e-m\libg.a(lib_a-abort.o)
                              c:/program files/gcc-arm-none-eabi-4_9-2014/bin/../lib/gcc/arm-none-eabi/4.9.3/../../../../arm-none-eabi/lib/armv7e-m\libg.a(lib_a-assert.o) (abort)
c:/program files/gcc-arm-none-eabi-4_9-2014/bin/../lib/gcc/arm-none-eabi/4.9.3/../../../../arm-none-eabi/lib/armv7e-m\libg.a(lib_a-dtoa.o)
                              c:/program files/gcc-arm-none-eabi-4_9-2014/bin/../lib/gcc/arm-none-eabi/4.9.3/../../../../arm-none-eabi/lib/armv7e-m\libg.a(lib_a-vfprintf.o) (_dtoa_r)
c:/program files/gcc-arm-none-eabi-4_9-2014/bin/../lib/gcc/arm-none-eabi/4.9.3/../../../../arm-none-eabi/lib/armv7e-m\libg.a(lib_a-fflush.o)
                              c:/program files/gcc-arm-none-eabi-4_9-2014/bin/../lib/gcc/arm-none-eabi/4.9.3/../../../../arm-none-eabi/lib/armv7e-m\libg.a(lib_a-vfiprintf.o) (_fflush_r)
c:/program files/gcc-arm-none-eabi-4_9-2014/bin/../lib/gcc/arm-none-eabi/4.9.3/../../../../arm-none-eabi/lib/armv7e-m\libg.a(lib_a-findfp.o)
                              c:/program files/gcc-arm-none-eabi-4_9-2014/bin/../lib/gcc/arm-none-eabi/4.9.3/../../../../arm-none-eabi/lib/armv7e-m\libg.a(lib_a-vfiprintf.o) (__sinit)
c:/program files/gcc-arm-none-eabi-4_9-2014/bin/../lib/gcc/arm-none-eabi/4.9.3/../../../../arm-none-eabi/lib/armv7e-m\libg.a(lib_a-fputwc.o)
                              c:/program files/gcc-arm-none-eabi-4_9-2014/bin/../lib/gcc/arm-none-eabi/4.9.3/../../../../arm-none-eabi/lib/armv7e-m\libg.a(lib_a-vfiprintf.o) (_fputwc_r)
c:/program files/gcc-arm-none-eabi-4_9-2014/bin/../lib/gcc/arm-none-eabi/4.9.3/../../../../arm-none-eabi/lib/armv7e-m\libg.a(lib_a-freer.o)
                              c:/program files/gcc-arm-none-eabi-4_9-2014/bin/../lib/gcc/arm-none-eabi/4.9.3/../../../../arm-none-eabi/lib/armv7e-m\libg.a(lib_a-reent.o) (_free_r)
[...]
Memory Configuration

Name             Origin             Length             Attributes
FLASH            0x08000000         0x00080000         xr
RAM              0x20000000         0x00018000         xrw
*default*        0x00000000         0xffffffff

Linker script and memory map

LOAD out/startup_stm32f401xe.o
LOAD out/system_stm32f4xx.o
LOAD out/stm32f4xx_it.o
LOAD out/main.o
LOAD out/stm32f4xx_hal_msp.o
LOAD out/newlib_stubs.o
LOAD out/portevent_m.o
LOAD out/portserial_m.o
LOAD out/porttimer_m.o
LOAD out/port.o
LOAD out/mb_m.o
LOAD out/mbrtu_m.o
LOAD out/mbcrc.o
LOAD out/mbascii.o
LOAD out/mbutils.o
LOAD out/mbfunccoils_m.o
LOAD out/mbfuncdiag.o
LOAD out/mbfuncother.o
LOAD out/mbfuncdisc_m.o
LOAD out/mbfuncinput_m.o
LOAD out/mbfuncholding_m.o
LOAD out/stm32f4xx_hal_crc.o
LOAD out/stm32f4xx_hal_pwr_ex.o
LOAD out/stm32f4xx_hal_rtc_ex.o
LOAD out/stm32f4xx_hal_ltdc.o
LOAD out/stm32f4xx_ll_sdmmc.o
LOAD out/stm32f4xx_hal_rcc.o
LOAD out/stm32f4xx_hal_sd.o
LOAD out/stm32f4xx_hal_eth.o
LOAD out/stm32f4xx_hal_i2c.o
LOAD out/stm32f4xx_hal_flash_ramfunc.o
LOAD out/stm32f4xx_hal_pwr.o
LOAD out/stm32f4xx_hal_rtc.o
LOAD out/stm32f4xx_hal_i2c_ex.o
LOAD out/stm32f4xx_hal_cortex.o
LOAD out/stm32f4xx_ll_fmc.o
LOAD out/stm32f4xx_hal_pccard.o
LOAD out/stm32f4xx_hal_i2s.o
LOAD out/stm32f4xx_hal_spi.o
LOAD out/stm32f4xx_hal_uart.o
LOAD out/stm32f4xx_hal_wwdg.o
LOAD out/stm32f4xx_hal_rng.o
LOAD out/stm32f4xx_hal_flash_ex.o
LOAD out/stm32f4xx_ll_usb.o
LOAD out/stm32f4xx_hal_i2s_ex.o
LOAD out/stm32f4xx_ll_fsmc.o
LOAD out/stm32f4xx_hal_irda.o
LOAD out/stm32f4xx_hal_flash.o
LOAD out/stm32f4xx_hal_sdram.o
LOAD out/stm32f4xx_hal_dac_ex.o
LOAD out/stm32f4xx_hal_usart.o
LOAD out/stm32f4xx_hal_sram.o
LOAD out/stm32f4xx_hal_dma_ex.o
LOAD out/stm32f4xx_hal_hash_ex.o
LOAD out/stm32f4xx_hal_nor.o
LOAD out/stm32f4xx_hal_can.o
LOAD out/stm32f4xx_hal_dac.o
LOAD out/stm32f4xx_hal_hcd.o
LOAD out/stm32f4xx_hal_dma.o
LOAD out/stm32f4xx_hal_adc_ex.o
LOAD out/stm32f4xx_hal_tim_ex.o
LOAD out/stm32f4xx_hal_cryp_ex.o
LOAD out/stm32f4xx_hal_sai.o
LOAD out/stm32f4xx_hal_dma2d.o
LOAD out/stm32f4xx_hal_iwdg.o
LOAD out/stm32f4xx_hal_smartcard.o
LOAD out/stm32f4xx_hal_adc.o
LOAD out/stm32f4xx_hal_pcd_ex.o
LOAD out/stm32f4xx_hal_tim.o
LOAD out/stm32f4xx_hal_gpio.o
LOAD out/stm32f4xx_hal_nand.o
LOAD out/stm32f4xx_hal_cryp.o
LOAD out/stm32f4xx_hal.o
LOAD out/stm32f4xx_hal_rcc_ex.o
LOAD out/stm32f4xx_hal_hash.o
LOAD out/stm32f4xx_hal_pcd.o
LOAD out/stm32f4xx_hal_dcmi.o
LOAD out/test.o
LOAD c:/program files/gcc-arm-none-eabi-4_9-2014/bin/../lib/gcc/arm-none-eabi/4.9.3/../../../../arm-none-eabi/lib/armv7e-m\libstdc++.a
LOAD c:/program files/gcc-arm-none-eabi-4_9-2014/bin/../lib/gcc/arm-none-eabi/4.9.3/../../../../arm-none-eabi/lib/armv7e-m\libm.a
START GROUP
LOAD c:/program files/gcc-arm-none-eabi-4_9-2014/bin/../lib/gcc/arm-none-eabi/4.9.3/armv7e-m\libgcc.a
LOAD c:/program files/gcc-arm-none-eabi-4_9-2014/bin/../lib/gcc/arm-none-eabi/4.9.3/../../../../arm-none-eabi/lib/armv7e-m\libg.a
LOAD c:/program files/gcc-arm-none-eabi-4_9-2014/bin/../lib/gcc/arm-none-eabi/4.9.3/../../../../arm-none-eabi/lib/armv7e-m\libc.a
END GROUP
                0x20017fff                _estack = 0x20017fff
                0x00000200                _Min_Heap_Size = 0x200
                0x00000400                _Min_Stack_Size = 0x400

.isr_vector     0x08000000      0x194
                0x08000000                . = ALIGN (0x4)
 *(.isr_vector)
 .isr_vector    0x08000000      0x194 out/startup_stm32f401xe.o
                0x08000000                g_pfnVectors
                0x08000194                . = ALIGN (0x4)

.text           0x08000198     0x92c8
                0x08000198                . = ALIGN (0x4)
 *(.text)
 .text          0x08000198      0x134 c:/program files/gcc-arm-none-eabi-4_9-2014/bin/../lib/gcc/arm-none-eabi/4.9.3/../../../../arm-none-eabi/lib/armv7e-m\libg.a(lib_a-memcpy.o)
                0x08000198                memcpy
 .text          0x080002cc      0x370 c:/program files/gcc-arm-none-eabi-4_9-2014/bin/../lib/gcc/arm-none-eabi/4.9.3/armv7e-m\libgcc.a(_arm_addsubdf3.o)
                0x080002cc                __aeabi_drsub
                0x080002d4                __aeabi_dsub
                0x080002d4                __subdf3
                0x080002d8                __aeabi_dadd
                0x080002d8                __adddf3
                0x08000550                __floatunsidf
                0x08000550                __aeabi_ui2d
                0x08000570                __floatsidf
                0x08000570                __aeabi_i2d
                0x08000594                __aeabi_f2d
                0x08000594                __extendsfdf2
                0x080005d0                __floatundidf
                0x080005d0                __aeabi_ul2d
                0x080005e0                __floatdidf
                0x080005e0                __aeabi_l2d
 .text          0x0800063c      0x424 c:/program files/gcc-arm-none-eabi-4_9-2014/bin/../lib/gcc/arm-none-eabi/4.9.3/armv7e-m\libgcc.a(_arm_muldivdf3.o)
                0x0800063c                __aeabi_dmul
                0x0800063c                __muldf3
                0x08000890                __divdf3
                0x08000890                __aeabi_ddiv
 .text          0x08000a60      0x110 c:/program files/gcc-arm-none-eabi-4_9-2014/bin/../lib/gcc/arm-none-eabi/4.9.3/armv7e-m\libgcc.a(_arm_cmpdf2.o)
                0x08000a60                __gtdf2
                0x08000a60                __gedf2
                0x08000a68                __ltdf2
                0x08000a68                __ledf2
                0x08000a70                __nedf2
                0x08000a70                __eqdf2
                0x08000a70                __cmpdf2
                0x08000aec                __aeabi_cdrcmple
                0x08000afc                __aeabi_cdcmpeq
                0x08000afc                __aeabi_cdcmple
                0x08000b0c                __aeabi_dcmpeq
                0x08000b20                __aeabi_dcmplt
                0x08000b34                __aeabi_dcmple
                0x08000b48                __aeabi_dcmpge
                0x08000b5c                __aeabi_dcmpgt
 .text          0x08000b70       0x50 c:/program files/gcc-arm-none-eabi-4_9-2014/bin/../lib/gcc/arm-none-eabi/4.9.3/armv7e-m\libgcc.a(_arm_fixdfsi.o)
                0x08000b70                __aeabi_d2iz
                0x08000b70                __fixdfsi
 .text          0x08000bc0       0x2c c:/program files/gcc-arm-none-eabi-4_9-2014/bin/../lib/gcc/arm-none-eabi/4.9.3/armv7e-m\libgcc.a(_aeabi_uldivmod.o)
                0x08000bc0                __aeabi_uldivmod
 .text          0x08000bec       0x60 c:/program files/gcc-arm-none-eabi-4_9-2014/bin/../lib/gcc/arm-none-eabi/4.9.3/armv7e-m\libgcc.a(bpabi.o)
                0x08000bec                __gnu_ldivmod_helper
                0x08000c1c                __gnu_uldivmod_helper
 .text          0x08000c4c        0x4 c:/program files/gcc-arm-none-eabi-4_9-2014/bin/../lib/gcc/arm-none-eabi/4.9.3/armv7e-m\libgcc.a(_dvmd_tls.o)
                0x08000c4c                __aeabi_idiv0
                0x08000c4c                __aeabi_ldiv0
 .text          0x08000c50      0x29c c:/program files/gcc-arm-none-eabi-4_9-2014/bin/../lib/gcc/arm-none-eabi/4.9.3/armv7e-m\libgcc.a(_divdi3.o)
                0x08000c50                __divdi3
 .text          0x08000eec      0x26c c:/program files/gcc-arm-none-eabi-4_9-2014/bin/../lib/gcc/arm-none-eabi/4.9.3/armv7e-m\libgcc.a(_udivdi3.o)
                0x08000eec                __udivdi3
 *(.text*)
 .text.Reset_Handler
                0x08001158       0x4c out/startup_stm32f401xe.o
                0x08001158                Reset_Handler
 .text.Default_Handler
                0x080011a4        0x2 out/startup_stm32f401xe.o
                0x080011a4                RTC_Alarm_IRQHandler
                0x080011a4                EXTI2_IRQHandler
                0x080011a4                SPI4_IRQHandler
                0x080011a4                TIM1_CC_IRQHandler
                0x080011a4                DMA2_Stream5_IRQHandler
                0x080011a4                DMA1_Stream5_IRQHandler
                0x080011a4                PVD_IRQHandler
                0x080011a4                SDIO_IRQHandler
                0x080011a4                TAMP_STAMP_IRQHandler
                0x080011a4                EXTI3_IRQHandler
                0x080011a4                TIM1_UP_TIM10_IRQHandler
                0x080011a4                I2C3_ER_IRQHandler
                0x080011a4                EXTI0_IRQHandler
                0x080011a4                I2C2_EV_IRQHandler
                0x080011a4                DMA1_Stream2_IRQHandler
                0x080011a4                FPU_IRQHandler
                0x080011a4                DMA2_Stream2_IRQHandler
                0x080011a4                SPI1_IRQHandler
                0x080011a4                TIM1_BRK_TIM9_IRQHandler
                0x080011a4                DMA2_Stream3_IRQHandler
                0x080011a4                USART6_IRQHandler
                0x080011a4                DMA2_Stream0_IRQHandler
                0x080011a4                I2C1_EV_IRQHandler
                0x080011a4                DMA1_Stream6_IRQHandler
                0x080011a4                DMA1_Stream1_IRQHandler
                0x080011a4                TIM3_IRQHandler
                0x080011a4                RCC_IRQHandler
                0x080011a4                Default_Handler
                0x080011a4                EXTI15_10_IRQHandler
                0x080011a4                ADC_IRQHandler
                0x080011a4                DMA1_Stream7_IRQHandler
                0x080011a4                DMA2_Stream7_IRQHandler
                0x080011a4                I2C3_EV_IRQHandler
                0x080011a4                EXTI9_5_IRQHandler
                0x080011a4                RTC_WKUP_IRQHandler
                0x080011a4                SPI2_IRQHandler
                0x080011a4                DMA1_Stream0_IRQHandler
                0x080011a4                EXTI4_IRQHandler
                0x080011a4                WWDG_IRQHandler
                0x080011a4                TIM2_IRQHandler
                0x080011a4                OTG_FS_WKUP_IRQHandler
                0x080011a4                TIM1_TRG_COM_TIM11_IRQHandler
                0x080011a4                EXTI1_IRQHandler
                0x080011a4                USART2_IRQHandler
                0x080011a4                I2C2_ER_IRQHandler
                0x080011a4                DMA2_Stream1_IRQHandler
                0x080011a4                FLASH_IRQHandler
                0x080011a4                DMA2_Stream4_IRQHandler
                0x080011a4                OTG_FS_IRQHandler
                0x080011a4                SPI3_IRQHandler
                0x080011a4                DMA1_Stream4_IRQHandler
                0x080011a4                I2C1_ER_IRQHandler
                0x080011a4                DMA2_Stream6_IRQHandler
                0x080011a4                DMA1_Stream3_IRQHandler
 *fill*         0x080011a6        0x2 
 .text.SystemInit
                0x080011a8       0x40 out/system_stm32f4xx.o
                0x080011a8                SystemInit
 .text.NMI_Handler
                0x080011e8        0x2 out/stm32f4xx_it.o
                0x080011e8                NMI_Handler
 .text.HardFault_Handler
                0x080011ea        0x2 out/stm32f4xx_it.o
                0x080011ea                HardFault_Handler
 .text.MemManage_Handler
                0x080011ec        0x2 out/stm32f4xx_it.o
                0x080011ec                MemManage_Handler
 .text.BusFault_Handler
                0x080011ee        0x2 out/stm32f4xx_it.o
                0x080011ee                BusFault_Handler
 .text.UsageFault_Handler
                0x080011f0        0x2 out/stm32f4xx_it.o
                0x080011f0                UsageFault_Handler
 .text.SVC_Handler
                0x080011f2        0x2 out/stm32f4xx_it.o
                0x080011f2                SVC_Handler
 .text.DebugMon_Handler
                0x080011f4        0x2 out/stm32f4xx_it.o
                0x080011f4                DebugMon_Handler
 .text.PendSV_Handler
                0x080011f6        0x2 out/stm32f4xx_it.o
                0x080011f6                PendSV_Handler
 .text.SysTick_Handler
                0x080011f8       0x50 out/stm32f4xx_it.o
                0x080011f8                SysTick_Handler
 .text.unlikely.Error_Handler
                0x08001248       0x1c out/main.o
 .text.Debug_ITMDebugEnable
                0x08001264       0x34 out/main.o
                0x08001264                Debug_ITMDebugEnable
 .text.Debug_ITMDebugOutputChar
                0x08001298       0x24 out/main.o
                0x08001298                Debug_ITMDebugOutputChar
 .text.Debug_ITMDebugOutputString
                0x080012bc       0x1c out/main.o
                0x080012bc                Debug_ITMDebugOutputString
 .text.startup.main
                0x080012d8      0x394 out/main.o
                0x080012d8                main
 .text.eMBMasterRegInputCB
                0x0800166c       0x78 out/main.o
                0x0800166c                eMBMasterRegInputCB
 .text.eMBMasterRegHoldingCB
                0x080016e4       0x68 out/main.o
                0x080016e4                eMBMasterRegHoldingCB
 .text.eMBMasterRegCoilsCB
                0x0800174c       0x84 out/main.o
                0x0800174c                eMBMasterRegCoilsCB
 .text.eMBMasterRegDiscreteCB
                0x080017d0        0x4 out/main.o
                0x080017d0                eMBMasterRegDiscreteCB
 .text.__io_putchar
                0x080017d4        0xe out/main.o
                0x080017d4                __io_putchar
 .text.__io_getchar
                0x080017e2        0x6 out/main.o
                0x080017e2                __io_getchar
 .text.assert_failed
                0x080017e8       0x14 out/main.o
                0x080017e8                assert_failed
 .text.HAL_TIM_Base_MspInit
                0x080017fc       0x3c out/stm32f4xx_hal_msp.o
                0x080017fc                HAL_TIM_Base_MspInit
 .text.HAL_UART_MspInit
                0x08001838       0x68 out/stm32f4xx_hal_msp.o
                0x08001838                HAL_UART_MspInit
 .text.HAL_I2C_MspInit
                0x080018a0       0xac out/stm32f4xx_hal_msp.o
                0x080018a0                HAL_I2C_MspInit
 .text.HAL_SRAM_MspInit
                0x0800194c       0x90 out/stm32f4xx_hal_msp.o
                0x0800194c                HAL_SRAM_MspInit
 .text.HAL_MspInit
                0x080019dc        0x2 out/stm32f4xx_hal_msp.o
                0x080019dc                HAL_MspInit
 .text._close   0x080019de        0x6 out/newlib_stubs.o
                0x080019de                _close
 .text._fstat   0x080019e4        0xa out/newlib_stubs.o
                0x080019e4                _fstat
 .text._getpid  0x080019ee        0x4 out/newlib_stubs.o
                0x080019ee                _getpid
 *fill*         0x080019f2        0x2 
 .text._isatty  0x080019f4       0x18 out/newlib_stubs.o
                0x080019f4                _isatty
 .text._kill    0x08001a0c       0x10 out/newlib_stubs.o
                0x08001a0c                _kill
 .text._lseek   0x08001a1c        0x4 out/newlib_stubs.o
                0x08001a1c                _lseek
 .text._read    0x08001a20       0x30 out/newlib_stubs.o
                0x08001a20                _read
 .text._write   0x08001a50       0x34 out/newlib_stubs.o
                0x08001a50                _write
 .text._exit    0x08001a84       0x14 out/newlib_stubs.o
                0x08001a84                _exit
 .text._sbrk    0x08001a98       0x48 out/newlib_stubs.o
                0x08001a98                _sbrk
 .text.xMBMasterPortEventInit
                0x08001ae0       0x10 out/portevent_m.o
                0x08001ae0                xMBMasterPortEventInit
 .text.xMBMasterPortEventPost
                0x08001af0       0x18 out/portevent_m.o
                0x08001af0                xMBMasterPortEventPost
 .text.xMBMasterPortEventGet
                0x08001b08       0x20 out/portevent_m.o
                0x08001b08                xMBMasterPortEventGet
 .text.xMBMasterRunResTake
                0x08001b28        0x4 out/portevent_m.o
                0x08001b28                xMBMasterRunResTake
 .text.vMBMasterRunResRelease
                0x08001b2c        0xc out/portevent_m.o
                0x08001b2c                vMBMasterRunResRelease
 .text.vMBMasterErrorCBRespondTimeout
                0x08001b38       0x18 out/portevent_m.o
                0x08001b38                vMBMasterErrorCBRespondTimeout
 .text.vMBMasterErrorCBReceiveData
                0x08001b50       0x18 out/portevent_m.o
                0x08001b50                vMBMasterErrorCBReceiveData
 .text.vMBMasterErrorCBExecuteFunction
                0x08001b68       0x18 out/portevent_m.o
                0x08001b68                vMBMasterErrorCBExecuteFunction
 .text.vMBMasterCBRequestScuuess
                0x08001b80       0x18 out/portevent_m.o
                0x08001b80                vMBMasterCBRequestScuuess
 .text.vMBMasterPortSerialEnable
                0x08001b98       0x68 out/portserial_m.o
                0x08001b98                vMBMasterPortSerialEnable
 .text.xMBMasterPortSerialInit
                0x08001c00        0x4 out/portserial_m.o
                0x08001c00                xMBMasterPortSerialInit
 .text.xMBMasterPortSerialPutByte
                0x08001c04       0x10 out/portserial_m.o
                0x08001c04                xMBMasterPortSerialPutByte
 .text.xMBMasterPortSerialGetByte
                0x08001c14       0x10 out/portserial_m.o
                0x08001c14                xMBMasterPortSerialGetByte
 .text.HAL_UART_ErrorCallback
                0x08001c24       0x20 out/portserial_m.o
                0x08001c24                HAL_UART_ErrorCallback
 .text.USART1_IRQHandler
                0x08001c44       0xf8 out/portserial_m.o
                0x08001c44                USART1_IRQHandler
 .text.xMBMasterPortTimersInit
                0x08001d3c        0x4 out/porttimer_m.o
                0x08001d3c                xMBMasterPortTimersInit
 .text.vMBMasterPortTimersT35Enable
                0x08001d40       0x20 out/porttimer_m.o
                0x08001d40                vMBMasterPortTimersT35Enable
 .text.vMBMasterPortTimersConvertDelayEnable
                0x08001d60       0x24 out/porttimer_m.o
                0x08001d60                vMBMasterPortTimersConvertDelayEnable
 .text.vMBMasterPortTimersRespondTimeoutEnable
                0x08001d84       0x2c out/porttimer_m.o
                0x08001d84                vMBMasterPortTimersRespondTimeoutEnable
 .text.vMBMasterPortTimersDisable
                0x08001db0       0x1c out/porttimer_m.o
                0x08001db0                vMBMasterPortTimersDisable
 .text.TIM4_IRQHandler
                0x08001dcc       0x2c out/porttimer_m.o
                0x08001dcc                TIM4_IRQHandler
 .text.TIM5_IRQHandler
                0x08001df8       0x1c out/porttimer_m.o
                0x08001df8                TIM5_IRQHandler
 .text.HAL_TIM_PeriodElapsedCallback
                0x08001e14        0xc out/porttimer_m.o
                0x08001e14                HAL_TIM_PeriodElapsedCallback
 .text.EnterCriticalSection
                0x08001e20        0x4 out/port.o
                0x08001e20                EnterCriticalSection
 .text.ExitCriticalSection
                0x08001e24        0x4 out/port.o
                0x08001e24                ExitCriticalSection
 .text.eMBMasterInit
                0x08001e28       0x98 out/mb_m.o
                0x08001e28                eMBMasterInit
 .text.eMBMasterEnable
                0x08001ec0       0x24 out/mb_m.o
                0x08001ec0                eMBMasterEnable
 .text.eMBMasterPoll
                0x08001ee4      0x1f8 out/mb_m.o
                0x08001ee4                eMBMasterPoll
 .text.ucMBMasterGetDestAddress
                0x080020dc        0xc out/mb_m.o
                0x080020dc                ucMBMasterGetDestAddress
 .text.vMBMasterSetDestAddress
                0x080020e8        0xc out/mb_m.o
                0x080020e8                vMBMasterSetDestAddress
 .text.vMBMasterSetErrorType
                0x080020f4        0xc out/mb_m.o
                0x080020f4                vMBMasterSetErrorType
 .text.eMBMasterRTUInit
                0x08002100       0x4c out/mbrtu_m.o
                0x08002100                eMBMasterRTUInit
 .text.eMBMasterRTUStart
                0x0800214c       0x24 out/mbrtu_m.o
                0x0800214c                eMBMasterRTUStart
 .text.eMBMasterRTUStop
                0x08002170       0x1a out/mbrtu_m.o
                0x08002170                eMBMasterRTUStop
 *fill*         0x0800218a        0x2 
 .text.eMBMasterRTUReceive
                0x0800218c       0x74 out/mbrtu_m.o
                0x0800218c                eMBMasterRTUReceive
 .text.eMBMasterRTUSend
                0x08002200       0x94 out/mbrtu_m.o
                0x08002200                eMBMasterRTUSend
 .text.xMBMasterRTUReceiveFSM
                0x08002294       0xa0 out/mbrtu_m.o
                0x08002294                xMBMasterRTUReceiveFSM
 .text.xMBMasterRTUTransmitFSM
                0x08002334       0xb0 out/mbrtu_m.o
                0x08002334                xMBMasterRTUTransmitFSM
 .text.xMBMasterRTUTimerExpired
                0x080023e4      0x114 out/mbrtu_m.o
                0x080023e4                xMBMasterRTUTimerExpired
 .text.vMBMasterGetPDUSndBuf
                0x080024f8        0xc out/mbrtu_m.o
                0x080024f8                vMBMasterGetPDUSndBuf
 .text.vMBMasterSetPDUSndLength
                0x08002504        0xc out/mbrtu_m.o
                0x08002504                vMBMasterSetPDUSndLength
 .text.usMBMasterGetPDUSndLength
                0x08002510        0xc out/mbrtu_m.o
                0x08002510                usMBMasterGetPDUSndLength
 .text.vMBMasterSetCurTimerMode
                0x0800251c        0xc out/mbrtu_m.o
                0x0800251c                vMBMasterSetCurTimerMode
 .text.xMBMasterRequestIsBroadcast
                0x08002528        0xc out/mbrtu_m.o
                0x08002528                xMBMasterRequestIsBroadcast
 .text.usMBCRC16
                0x08002534       0x34 out/mbcrc.o
                0x08002534                usMBCRC16
 .text.xMBUtilSetBits
                0x08002568       0x50 out/mbutils.o
                0x08002568                xMBUtilSetBits
 .text.prveMBError2Exception
                0x080025b8       0x10 out/mbutils.o
                0x080025b8                prveMBError2Exception
 .text.eMBMasterReqReadCoils
                0x080025c8       0x6c out/mbfunccoils_m.o
                0x080025c8                eMBMasterReqReadCoils
 .text.eMBMasterFuncReadCoils
                0x08002634       0x78 out/mbfunccoils_m.o
                0x08002634                eMBMasterFuncReadCoils
 .text.eMBMasterFuncWriteCoil
                0x080026ac       0x4a out/mbfunccoils_m.o
                0x080026ac                eMBMasterFuncWriteCoil
 .text.eMBMasterFuncWriteMultipleCoils
                0x080026f6       0x60 out/mbfunccoils_m.o
                0x080026f6                eMBMasterFuncWriteMultipleCoils
 *fill*         0x08002756        0x2 
 .text.eMBFuncReportSlaveID
                0x08002758       0x24 out/mbfuncother.o
                0x08002758                eMBFuncReportSlaveID
 .text.eMBMasterFuncReadDiscreteInputs
                0x0800277c       0x62 out/mbfuncdisc_m.o
                0x0800277c                eMBMasterFuncReadDiscreteInputs
 *fill*         0x080027de        0x2 
 .text.eMBMasterFuncReadInputRegister
                0x080027e0       0x5c out/mbfuncinput_m.o
                0x080027e0                eMBMasterFuncReadInputRegister
 .text.eMBMasterFuncWriteHoldingRegister
                0x0800283c       0x2e out/mbfuncholding_m.o
                0x0800283c                eMBMasterFuncWriteHoldingRegister
 .text.eMBMasterFuncWriteMultipleHoldingRegister
                0x0800286a       0x4e out/mbfuncholding_m.o
                0x0800286a                eMBMasterFuncWriteMultipleHoldingRegister
 .text.eMBMasterReqReadHoldingRegister
                0x080028b8       0x54 out/mbfuncholding_m.o
                0x080028b8                eMBMasterReqReadHoldingRegister
 .text.eMBMasterFuncReadHoldingRegister
                0x0800290c       0x56 out/mbfuncholding_m.o
                0x0800290c                eMBMasterFuncReadHoldingRegister
 .text.eMBMasterFuncReadWriteMultipleHoldingRegister
                0x08002962       0x7a out/mbfuncholding_m.o
                0x08002962                eMBMasterFuncReadWriteMultipleHoldingRegister
 .text.HAL_RCC_OscConfig
                0x080029dc      0x404 out/stm32f4xx_hal_rcc.o
                0x080029dc                HAL_RCC_OscConfig
 .text.HAL_RCC_ClockConfig
                0x08002de0      0x2b0 out/stm32f4xx_hal_rcc.o
                0x08002de0                HAL_RCC_ClockConfig
 .text.HAL_RCC_GetSysClockFreq
                0x08003090       0x84 out/stm32f4xx_hal_rcc.o
                0x08003090                HAL_RCC_GetSysClockFreq
 .text.HAL_RCC_GetHCLKFreq
                0x08003114       0x38 out/stm32f4xx_hal_rcc.o
                0x08003114                HAL_RCC_GetHCLKFreq
 .text.HAL_RCC_GetPCLK1Freq
                0x0800314c       0x30 out/stm32f4xx_hal_rcc.o
                0x0800314c                HAL_RCC_GetPCLK1Freq
 .text.HAL_RCC_GetPCLK2Freq
                0x0800317c       0x30 out/stm32f4xx_hal_rcc.o
                0x0800317c                HAL_RCC_GetPCLK2Freq
 .text.HAL_RCC_GetClockConfig
                0x080031ac       0x3c out/stm32f4xx_hal_rcc.o
                0x080031ac                HAL_RCC_GetClockConfig
 .text.HAL_I2C_Init
                0x080031e8      0x198 out/stm32f4xx_hal_i2c.o
                0x080031e8                HAL_I2C_Init
 .text.HAL_NVIC_SetPriorityGrouping
                0x08003380       0x38 out/stm32f4xx_hal_cortex.o
                0x08003380                HAL_NVIC_SetPriorityGrouping
 .text.HAL_NVIC_SetPriority
                0x080033b8       0x84 out/stm32f4xx_hal_cortex.o
                0x080033b8                HAL_NVIC_SetPriority
 .text.HAL_NVIC_EnableIRQ
                0x0800343c       0x28 out/stm32f4xx_hal_cortex.o
                0x0800343c                HAL_NVIC_EnableIRQ
 .text.HAL_SYSTICK_Config
                0x08003464       0x2c out/stm32f4xx_hal_cortex.o
                0x08003464                HAL_SYSTICK_Config
 .text.UART_SetConfig
                0x08003490      0x1a0 out/stm32f4xx_hal_uart.o
 .text.HAL_UART_Init
                0x08003630       0xf4 out/stm32f4xx_hal_uart.o
                0x08003630                HAL_UART_Init
 .text.FSMC_NORSRAM_Init
                0x08003724      0x134 out/stm32f4xx_ll_fsmc.o
                0x08003724                FSMC_NORSRAM_Init
 .text.FSMC_NORSRAM_Timing_Init
                0x08003858       0xb4 out/stm32f4xx_ll_fsmc.o
                0x08003858                FSMC_NORSRAM_Timing_Init
 .text.FSMC_NORSRAM_Extended_Timing_Init
                0x0800390c       0xcc out/stm32f4xx_ll_fsmc.o
                0x0800390c                FSMC_NORSRAM_Extended_Timing_Init
 .text.HAL_SRAM_Init
                0x080039d8       0x4c out/stm32f4xx_hal_sram.o
                0x080039d8                HAL_SRAM_Init
 .text.HAL_TIMEx_CommutationCallback
                0x08003a24        0x2 out/stm32f4xx_hal_tim_ex.o
                0x08003a24                HAL_TIMEx_CommutationCallback
 .text.HAL_TIMEx_BreakCallback
                0x08003a26        0x2 out/stm32f4xx_hal_tim_ex.o
                0x08003a26                HAL_TIMEx_BreakCallback
 .text.HAL_TIM_Base_Start_IT
                0x08003a28       0x9c out/stm32f4xx_hal_tim.o
                0x08003a28                HAL_TIM_Base_Start_IT
 .text.HAL_TIM_Base_Stop_IT
                0x08003ac4       0xb0 out/stm32f4xx_hal_tim.o
                0x08003ac4                HAL_TIM_Base_Stop_IT
 .text.HAL_TIM_OC_DelayElapsedCallback
                0x08003b74        0x2 out/stm32f4xx_hal_tim.o
                0x08003b74                HAL_TIM_OC_DelayElapsedCallback
 .text.HAL_TIM_IC_CaptureCallback
                0x08003b76        0x2 out/stm32f4xx_hal_tim.o
                0x08003b76                HAL_TIM_IC_CaptureCallback
 .text.HAL_TIM_PWM_PulseFinishedCallback
                0x08003b78        0x2 out/stm32f4xx_hal_tim.o
                0x08003b78                HAL_TIM_PWM_PulseFinishedCallback
 .text.HAL_TIM_TriggerCallback
                0x08003b7a        0x2 out/stm32f4xx_hal_tim.o
                0x08003b7a                HAL_TIM_TriggerCallback
 .text.HAL_TIM_IRQHandler
                0x08003b7c      0x144 out/stm32f4xx_hal_tim.o
                0x08003b7c                HAL_TIM_IRQHandler
 .text.TIM_Base_SetConfig
                0x08003cc0       0xc8 out/stm32f4xx_hal_tim.o
                0x08003cc0                TIM_Base_SetConfig
 .text.HAL_TIM_Base_Init
                0x08003d88       0xe0 out/stm32f4xx_hal_tim.o
                0x08003d88                HAL_TIM_Base_Init
 .text.HAL_GPIO_Init
                0x08003e68      0x264 out/stm32f4xx_hal_gpio.o
                0x08003e68                HAL_GPIO_Init
 .text.HAL_GPIO_WritePin
                0x080040cc       0x30 out/stm32f4xx_hal_gpio.o
                0x080040cc                HAL_GPIO_WritePin
 .text.HAL_GPIO_TogglePin
                0x080040fc       0x20 out/stm32f4xx_hal_gpio.o
                0x080040fc                HAL_GPIO_TogglePin
 .text.HAL_InitTick
                0x0800411c       0x24 out/stm32f4xx_hal.o
                0x0800411c                HAL_InitTick
 .text.HAL_Init
                0x08004140       0x2c out/stm32f4xx_hal.o
                0x08004140                HAL_Init
 .text.HAL_IncTick
                0x0800416c       0x10 out/stm32f4xx_hal.o
                0x0800416c                HAL_IncTick
 .text.HAL_GetTick
                0x0800417c        0xc out/stm32f4xx_hal.o
                0x0800417c                HAL_GetTick
 .text.HAL_GetREVID
                0x08004188        0xc out/stm32f4xx_hal.o
                0x08004188                HAL_GetREVID
 .text.__assert_func
                0x08004194       0x3c c:/program files/gcc-arm-none-eabi-4_9-2014/bin/../lib/gcc/arm-none-eabi/4.9.3/../../../../arm-none-eabi/lib/armv7e-m\libg.a(lib_a-assert.o)
                0x08004194                __assert_func
 .text.fiprintf
                0x080041d0       0x28 c:/program files/gcc-arm-none-eabi-4_9-2014/bin/../lib/gcc/arm-none-eabi/4.9.3/../../../../arm-none-eabi/lib/armv7e-m\libg.a(lib_a-fiprintf.o)
                0x080041d0                fiprintf
 .text.printf   0x080041f8       0x28 c:/program files/gcc-arm-none-eabi-4_9-2014/bin/../lib/gcc/arm-none-eabi/4.9.3/../../../../arm-none-eabi/lib/armv7e-m\libg.a(lib_a-printf.o)
                0x080041f8                printf
 .text._puts_r  0x08004220       0x5c c:/program files/gcc-arm-none-eabi-4_9-2014/bin/../lib/gcc/arm-none-eabi/4.9.3/../../../../arm-none-eabi/lib/armv7e-m\libg.a(lib_a-puts.o)
                0x08004220                _puts_r
 .text.puts     0x0800427c       0x10 c:/program files/gcc-arm-none-eabi-4_9-2014/bin/../lib/gcc/arm-none-eabi/4.9.3/../../../../arm-none-eabi/lib/armv7e-m\libg.a(lib_a-puts.o)
                0x0800427c                puts
 .text.strlen   0x0800428c       0x5c c:/program files/gcc-arm-none-eabi-4_9-2014/bin/../lib/gcc/arm-none-eabi/4.9.3/../../../../arm-none-eabi/lib/armv7e-m\libg.a(lib_a-strlen.o)
                0x0800428c                strlen
 .text.__sprint_r.part.0
                0x080042e8       0x78 c:/program files/gcc-arm-none-eabi-4_9-2014/bin/../lib/gcc/arm-none-eabi/4.9.3/../../../../arm-none-eabi/lib/armv7e-m\libg.a(lib_a-vfiprintf.o)
 .text.__sprint_r
                0x08004360       0x18 c:/program files/gcc-arm-none-eabi-4_9-2014/bin/../lib/gcc/arm-none-eabi/4.9.3/../../../../arm-none-eabi/lib/armv7e-m\libg.a(lib_a-vfiprintf.o)
                0x08004360                __sprint_r
 .text._vfiprintf_r
                0x08004378      0xc04 c:/program files/gcc-arm-none-eabi-4_9-2014/bin/../lib/gcc/arm-none-eabi/4.9.3/../../../../arm-none-eabi/lib/armv7e-m\libg.a(lib_a-vfiprintf.o)
                0x08004378                _vfiprintf_r
 .text.__sbprintf
                0x08004f7c       0x78 c:/program files/gcc-arm-none-eabi-4_9-2014/bin/../lib/gcc/arm-none-eabi/4.9.3/../../../../arm-none-eabi/lib/armv7e-m\libg.a(lib_a-vfiprintf.o)
 .text._vfprintf_r
                0x08004ff4     0x13e8 c:/program files/gcc-arm-none-eabi-4_9-2014/bin/../lib/gcc/arm-none-eabi/4.9.3/../../../../arm-none-eabi/lib/armv7e-m\libg.a(lib_a-vfprintf.o)
                0x08004ff4                _vfprintf_r
 .text.__sbprintf
                0x080063dc       0x78 c:/program files/gcc-arm-none-eabi-4_9-2014/bin/../lib/gcc/arm-none-eabi/4.9.3/../../../../arm-none-eabi/lib/armv7e-m\libg.a(lib_a-vfprintf.o)
 .text.__swsetup_r
                0x08006454       0xc4 c:/program files/gcc-arm-none-eabi-4_9-2014/bin/../lib/gcc/arm-none-eabi/4.9.3/../../../../arm-none-eabi/lib/armv7e-m\libg.a(lib_a-wsetup.o)
                0x08006454                __swsetup_r
 .text.abort    0x08006518       0x10 c:/program files/gcc-arm-none-eabi-4_9-2014/bin/../lib/gcc/arm-none-eabi/4.9.3/../../../../arm-none-eabi/lib/armv7e-m\libg.a(lib_a-abort.o)
                0x08006518                abort
 .text.quorem   0x08006528      0x12c c:/program files/gcc-arm-none-eabi-4_9-2014/bin/../lib/gcc/arm-none-eabi/4.9.3/../../../../arm-none-eabi/lib/armv7e-m\libg.a(lib_a-dtoa.o)
 *fill*         0x08006654        0x4 
 .text._dtoa_r  0x08006658      0xe98 c:/program files/gcc-arm-none-eabi-4_9-2014/bin/../lib/gcc/arm-none-eabi/4.9.3/../../../../arm-none-eabi/lib/armv7e-m\libg.a(lib_a-dtoa.o)
                0x08006658                _dtoa_r
 .text.__sflush_r
                0x080074f0      0x154 c:/program files/gcc-arm-none-eabi-4_9-2014/bin/../lib/gcc/arm-none-eabi/4.9.3/../../../../arm-none-eabi/lib/armv7e-m\libg.a(lib_a-fflush.o)
                0x080074f0                __sflush_r
 .text._fflush_r
                0x08007644       0x2c c:/program files/gcc-arm-none-eabi-4_9-2014/bin/../lib/gcc/arm-none-eabi/4.9.3/../../../../arm-none-eabi/lib/armv7e-m\libg.a(lib_a-fflush.o)
                0x08007644                _fflush_r
 .text._cleanup_r
                0x08007670        0xc c:/program files/gcc-arm-none-eabi-4_9-2014/bin/../lib/gcc/arm-none-eabi/4.9.3/../../../../arm-none-eabi/lib/armv7e-m\libg.a(lib_a-findfp.o)
                0x08007670                _cleanup_r
 .text.__sinit.part.1
                0x0800767c       0xf0 c:/program files/gcc-arm-none-eabi-4_9-2014/bin/../lib/gcc/arm-none-eabi/4.9.3/../../../../arm-none-eabi/lib/armv7e-m\libg.a(lib_a-findfp.o)
 .text.__sinit  0x0800776c        0xc c:/program files/gcc-arm-none-eabi-4_9-2014/bin/../lib/gcc/arm-none-eabi/4.9.3/../../../../arm-none-eabi/lib/armv7e-m\libg.a(lib_a-findfp.o)
                0x0800776c                __sinit
 .text.__sfp_lock_acquire
                0x08007778        0x4 c:/program files/gcc-arm-none-eabi-4_9-2014/bin/../lib/gcc/arm-none-eabi/4.9.3/../../../../arm-none-eabi/lib/armv7e-m\libg.a(lib_a-findfp.o)
                0x08007778                __sfp_lock_acquire
 .text.__sfp_lock_release
                0x0800777c        0x4 c:/program files/gcc-arm-none-eabi-4_9-2014/bin/../lib/gcc/arm-none-eabi/4.9.3/../../../../arm-none-eabi/lib/armv7e-m\libg.a(lib_a-findfp.o)
                0x0800777c                __sfp_lock_release
 .text._fputwc_r
                0x08007780       0xc4 c:/program files/gcc-arm-none-eabi-4_9-2014/bin/../lib/gcc/arm-none-eabi/4.9.3/../../../../arm-none-eabi/lib/armv7e-m\libg.a(lib_a-fputwc.o)
                0x08007780                _fputwc_r
 .text._malloc_trim_r
                0x08007844       0x9c c:/program files/gcc-arm-none-eabi-4_9-2014/bin/../lib/gcc/arm-none-eabi/4.9.3/../../../../arm-none-eabi/lib/armv7e-m\libg.a(lib_a-freer.o)
                0x08007844                _malloc_trim_r
 .text._free_r  0x080078e0      0x1b0 c:/program files/gcc-arm-none-eabi-4_9-2014/bin/../lib/gcc/arm-none-eabi/4.9.3/../../../../arm-none-eabi/lib/armv7e-m\libg.a(lib_a-freer.o)
                0x080078e0                _free_r
 .text.__sfvwrite_r
                0x08007a90      0x318 c:/program files/gcc-arm-none-eabi-4_9-2014/bin/../lib/gcc/arm-none-eabi/4.9.3/../../../../arm-none-eabi/lib/armv7e-m\libg.a(lib_a-fvwrite.o)
                0x08007a90                __sfvwrite_r
 .text._fwalk_reent
                0x08007da8       0x54 c:/program files/gcc-arm-none-eabi-4_9-2014/bin/../lib/gcc/arm-none-eabi/4.9.3/../../../../arm-none-eabi/lib/armv7e-m\libg.a(lib_a-fwalk.o)
                0x08007da8                _fwalk_reent
 .text.__locale_charset
                0x08007dfc        0x8 c:/program files/gcc-arm-none-eabi-4_9-2014/bin/../lib/gcc/arm-none-eabi/4.9.3/../../../../arm-none-eabi/lib/armv7e-m\libg.a(lib_a-locale.o)
                0x08007dfc                __locale_charset
 .text.__locale_mb_cur_max
                0x08007e04        0xc c:/program files/gcc-arm-none-eabi-4_9-2014/bin/../lib/gcc/arm-none-eabi/4.9.3/../../../../arm-none-eabi/lib/armv7e-m\libg.a(lib_a-locale.o)
                0x08007e04                __locale_mb_cur_max
 .text._localeconv_r
                0x08007e10        0x8 c:/program files/gcc-arm-none-eabi-4_9-2014/bin/../lib/gcc/arm-none-eabi/4.9.3/../../../../arm-none-eabi/lib/armv7e-m\libg.a(lib_a-locale.o)
                0x08007e10                _localeconv_r
 .text.__smakebuf_r
                0x08007e18       0xe0 c:/program files/gcc-arm-none-eabi-4_9-2014/bin/../lib/gcc/arm-none-eabi/4.9.3/../../../../arm-none-eabi/lib/armv7e-m\libg.a(lib_a-makebuf.o)
                0x08007e18                __smakebuf_r
 .text._malloc_r
                0x08007ef8      0x51c c:/program files/gcc-arm-none-eabi-4_9-2014/bin/../lib/gcc/arm-none-eabi/4.9.3/../../../../arm-none-eabi/lib/armv7e-m\libg.a(lib_a-mallocr.o)
                0x08007ef8                _malloc_r
 .text.memchr   0x08008414       0x94 c:/program files/gcc-arm-none-eabi-4_9-2014/bin/../lib/gcc/arm-none-eabi/4.9.3/../../../../arm-none-eabi/lib/armv7e-m\libg.a(lib_a-memchr.o)
                0x08008414                memchr
 .text.memmove  0x080084a8       0xc8 c:/program files/gcc-arm-none-eabi-4_9-2014/bin/../lib/gcc/arm-none-eabi/4.9.3/../../../../arm-none-eabi/lib/armv7e-m\libg.a(lib_a-memmove.o)
                0x080084a8                memmove
 .text.memset   0x08008570       0x9c c:/program files/gcc-arm-none-eabi-4_9-2014/bin/../lib/gcc/arm-none-eabi/4.9.3/../../../../arm-none-eabi/lib/armv7e-m\libg.a(lib_a-memset.o)
                0x08008570                memset
 .text.__malloc_lock
                0x0800860c        0x4 c:/program files/gcc-arm-none-eabi-4_9-2014/bin/../lib/gcc/arm-none-eabi/4.9.3/../../../../arm-none-eabi/lib/armv7e-m\libg.a(lib_a-mlock.o)
                0x0800860c                __malloc_lock
 .text.__malloc_unlock
                0x08008610        0x4 c:/program files/gcc-arm-none-eabi-4_9-2014/bin/../lib/gcc/arm-none-eabi/4.9.3/../../../../arm-none-eabi/lib/armv7e-m\libg.a(lib_a-mlock.o)
                0x08008610                __malloc_unlock
 .text._Balloc  0x08008614       0x4c c:/program files/gcc-arm-none-eabi-4_9-2014/bin/../lib/gcc/arm-none-eabi/4.9.3/../../../../arm-none-eabi/lib/armv7e-m\libg.a(lib_a-mprec.o)
                0x08008614                _Balloc
 .text._Bfree   0x08008660       0x14 c:/program files/gcc-arm-none-eabi-4_9-2014/bin/../lib/gcc/arm-none-eabi/4.9.3/../../../../arm-none-eabi/lib/armv7e-m\libg.a(lib_a-mprec.o)
                0x08008660                _Bfree
 .text.__multadd
                0x08008674       0x84 c:/program files/gcc-arm-none-eabi-4_9-2014/bin/../lib/gcc/arm-none-eabi/4.9.3/../../../../arm-none-eabi/lib/armv7e-m\libg.a(lib_a-mprec.o)
                0x08008674                __multadd
 .text.__hi0bits
                0x080086f8       0x40 c:/program files/gcc-arm-none-eabi-4_9-2014/bin/../lib/gcc/arm-none-eabi/4.9.3/../../../../arm-none-eabi/lib/armv7e-m\libg.a(lib_a-mprec.o)
                0x080086f8                __hi0bits
 .text.__lo0bits
                0x08008738       0x5c c:/program files/gcc-arm-none-eabi-4_9-2014/bin/../lib/gcc/arm-none-eabi/4.9.3/../../../../arm-none-eabi/lib/armv7e-m\libg.a(lib_a-mprec.o)
                0x08008738                __lo0bits
 .text.__i2b    0x08008794       0x14 c:/program files/gcc-arm-none-eabi-4_9-2014/bin/../lib/gcc/arm-none-eabi/4.9.3/../../../../arm-none-eabi/lib/armv7e-m\libg.a(lib_a-mprec.o)
                0x08008794                __i2b
 .text.__multiply
                0x080087a8      0x134 c:/program files/gcc-arm-none-eabi-4_9-2014/bin/../lib/gcc/arm-none-eabi/4.9.3/../../../../arm-none-eabi/lib/armv7e-m\libg.a(lib_a-mprec.o)
                0x080087a8                __multiply
 .text.__pow5mult
                0x080088dc       0xa0 c:/program files/gcc-arm-none-eabi-4_9-2014/bin/../lib/gcc/arm-none-eabi/4.9.3/../../../../arm-none-eabi/lib/armv7e-m\libg.a(lib_a-mprec.o)
                0x080088dc                __pow5mult
 .text.__lshift
                0x0800897c       0xac c:/program files/gcc-arm-none-eabi-4_9-2014/bin/../lib/gcc/arm-none-eabi/4.9.3/../../../../arm-none-eabi/lib/armv7e-m\libg.a(lib_a-mprec.o)
                0x0800897c                __lshift
 .text.__mcmp   0x08008a28       0x48 c:/program files/gcc-arm-none-eabi-4_9-2014/bin/../lib/gcc/arm-none-eabi/4.9.3/../../../../arm-none-eabi/lib/armv7e-m\libg.a(lib_a-mprec.o)
                0x08008a28                __mcmp
 .text.__mdiff  0x08008a70       0xd4 c:/program files/gcc-arm-none-eabi-4_9-2014/bin/../lib/gcc/arm-none-eabi/4.9.3/../../../../arm-none-eabi/lib/armv7e-m\libg.a(lib_a-mprec.o)
                0x08008a70                __mdiff
 .text.__d2b    0x08008b44       0xb8 c:/program files/gcc-arm-none-eabi-4_9-2014/bin/../lib/gcc/arm-none-eabi/4.9.3/../../../../arm-none-eabi/lib/armv7e-m\libg.a(lib_a-mprec.o)
                0x08008b44                __d2b
 .text._realloc_r
                0x08008bfc      0x3ec c:/program files/gcc-arm-none-eabi-4_9-2014/bin/../lib/gcc/arm-none-eabi/4.9.3/../../../../arm-none-eabi/lib/armv7e-m\libg.a(lib_a-reallocr.o)
                0x08008bfc                _realloc_r
 .text.__fpclassifyd
                0x08008fe8       0x58 c:/program files/gcc-arm-none-eabi-4_9-2014/bin/../lib/gcc/arm-none-eabi/4.9.3/../../../../arm-none-eabi/lib/armv7e-m\libg.a(lib_a-s_fpclassify.o)
                0x08008fe8                __fpclassifyd
 .text._sbrk_r  0x08009040       0x24 c:/program files/gcc-arm-none-eabi-4_9-2014/bin/../lib/gcc/arm-none-eabi/4.9.3/../../../../arm-none-eabi/lib/armv7e-m\libg.a(lib_a-sbrkr.o)
                0x08009040                _sbrk_r
 .text._raise_r
                0x08009064       0x58 c:/program files/gcc-arm-none-eabi-4_9-2014/bin/../lib/gcc/arm-none-eabi/4.9.3/../../../../arm-none-eabi/lib/armv7e-m\libg.a(lib_a-signal.o)
                0x08009064                _raise_r
 .text.raise    0x080090bc       0x10 c:/program files/gcc-arm-none-eabi-4_9-2014/bin/../lib/gcc/arm-none-eabi/4.9.3/../../../../arm-none-eabi/lib/armv7e-m\libg.a(lib_a-signal.o)
                0x080090bc                raise
 .text._kill_r  0x080090cc       0x28 c:/program files/gcc-arm-none-eabi-4_9-2014/bin/../lib/gcc/arm-none-eabi/4.9.3/../../../../arm-none-eabi/lib/armv7e-m\libg.a(lib_a-signalr.o)
                0x080090cc                _kill_r
 .text._getpid_r
                0x080090f4        0x4 c:/program files/gcc-arm-none-eabi-4_9-2014/bin/../lib/gcc/arm-none-eabi/4.9.3/../../../../arm-none-eabi/lib/armv7e-m\libg.a(lib_a-signalr.o)
                0x080090f4                _getpid_r
 .text.__sread  0x080090f8       0x24 c:/program files/gcc-arm-none-eabi-4_9-2014/bin/../lib/gcc/arm-none-eabi/4.9.3/../../../../arm-none-eabi/lib/armv7e-m\libg.a(lib_a-stdio.o)
                0x080090f8                __sread
 .text.__swrite
                0x0800911c       0x38 c:/program files/gcc-arm-none-eabi-4_9-2014/bin/../lib/gcc/arm-none-eabi/4.9.3/../../../../arm-none-eabi/lib/armv7e-m\libg.a(lib_a-stdio.o)
                0x0800911c                __swrite
 .text.__sseek  0x08009154       0x20 c:/program files/gcc-arm-none-eabi-4_9-2014/bin/../lib/gcc/arm-none-eabi/4.9.3/../../../../arm-none-eabi/lib/armv7e-m\libg.a(lib_a-stdio.o)
                0x08009154                __sseek
 .text.__sclose
                0x08009174        0x8 c:/program files/gcc-arm-none-eabi-4_9-2014/bin/../lib/gcc/arm-none-eabi/4.9.3/../../../../arm-none-eabi/lib/armv7e-m\libg.a(lib_a-stdio.o)
                0x08009174                __sclose
 .text.__swbuf_r
                0x0800917c       0xa8 c:/program files/gcc-arm-none-eabi-4_9-2014/bin/../lib/gcc/arm-none-eabi/4.9.3/../../../../arm-none-eabi/lib/armv7e-m\libg.a(lib_a-wbuf.o)
                0x0800917c                __swbuf_r
 .text._wcrtomb_r
                0x08009224       0x54 c:/program files/gcc-arm-none-eabi-4_9-2014/bin/../lib/gcc/arm-none-eabi/4.9.3/../../../../arm-none-eabi/lib/armv7e-m\libg.a(lib_a-wcrtomb.o)
                0x08009224                _wcrtomb_r
 .text.__ascii_wctomb
                0x08009278       0x1c c:/program files/gcc-arm-none-eabi-4_9-2014/bin/../lib/gcc/arm-none-eabi/4.9.3/../../../../arm-none-eabi/lib/armv7e-m\libg.a(lib_a-wctomb_r.o)
                0x08009278                __ascii_wctomb
 .text._write_r
                0x08009294       0x28 c:/program files/gcc-arm-none-eabi-4_9-2014/bin/../lib/gcc/arm-none-eabi/4.9.3/../../../../arm-none-eabi/lib/armv7e-m\libg.a(lib_a-writer.o)
                0x08009294                _write_r
 .text._calloc_r
                0x080092bc       0x60 c:/program files/gcc-arm-none-eabi-4_9-2014/bin/../lib/gcc/arm-none-eabi/4.9.3/../../../../arm-none-eabi/lib/armv7e-m\libg.a(lib_a-callocr.o)
                0x080092bc                _calloc_r
 .text._close_r
                0x0800931c       0x24 c:/program files/gcc-arm-none-eabi-4_9-2014/bin/../lib/gcc/arm-none-eabi/4.9.3/../../../../arm-none-eabi/lib/armv7e-m\libg.a(lib_a-closer.o)
                0x0800931c                _close_r
 .text._fclose_r
                0x08009340       0x84 c:/program files/gcc-arm-none-eabi-4_9-2014/bin/../lib/gcc/arm-none-eabi/4.9.3/../../../../arm-none-eabi/lib/armv7e-m\libg.a(lib_a-fclose.o)
                0x08009340                _fclose_r
 .text._fstat_r
                0x080093c4       0x28 c:/program files/gcc-arm-none-eabi-4_9-2014/bin/../lib/gcc/arm-none-eabi/4.9.3/../../../../arm-none-eabi/lib/armv7e-m\libg.a(lib_a-fstatr.o)
                0x080093c4                _fstat_r
 .text._isatty_r
                0x080093ec       0x24 c:/program files/gcc-arm-none-eabi-4_9-2014/bin/../lib/gcc/arm-none-eabi/4.9.3/../../../../arm-none-eabi/lib/armv7e-m\libg.a(lib_a-isattyr.o)
                0x080093ec                _isatty_r
 .text._lseek_r
                0x08009410       0x28 c:/program files/gcc-arm-none-eabi-4_9-2014/bin/../lib/gcc/arm-none-eabi/4.9.3/../../../../arm-none-eabi/lib/armv7e-m\libg.a(lib_a-lseekr.o)
                0x08009410                _lseek_r
 .text._read_r  0x08009438       0x28 c:/program files/gcc-arm-none-eabi-4_9-2014/bin/../lib/gcc/arm-none-eabi/4.9.3/../../../../arm-none-eabi/lib/armv7e-m\libg.a(lib_a-readr.o)
                0x08009438                _read_r
 *(.glue_7)
 .glue_7        0x00000000        0x0 linker stubs
 *(.glue_7t)
 .glue_7t       0x00000000        0x0 linker stubs
 *(.eh_frame)
 *(.init)
 *(.fini)
                0x08009460                . = ALIGN (0x4)
                0x08009460                _etext = .

.vfp11_veneer   0x08009460        0x0
 .vfp11_veneer  0x00000000        0x0 linker stubs

.v4_bx          0x08009460        0x0
 .v4_bx         0x00000000        0x0 linker stubs

.iplt           0x08009460        0x0
 .iplt          0x00000000        0x0 out/startup_stm32f401xe.o

.rodata         0x08009460      0xbbc
                0x08009460                . = ALIGN (0x4)
 *(.rodata)
 *(.rodata*)
 .rodata.str1.1
                0x08009460       0xbf out/main.o
                                 0xc5 (size before relaxing)
 .rodata.str1.1
                0x0800951f       0x1f out/newlib_stubs.o
 .rodata.str1.1
                0x0800953e       0x62 out/portserial_m.o
 .rodata.str1.1
                0x080095a0       0x26 out/porttimer_m.o
 .rodata.str1.1
                0x080095c6       0xb1 out/mb_m.o
 *fill*         0x08009677        0x1 
 .rodata.xMasterFuncHandlers
                0x08009678       0x80 out/mb_m.o
 .rodata.__FUNCTION__.5383
                0x080096f8       0x18 out/mbrtu_m.o
 .rodata.__FUNCTION__.5360
                0x08009710       0x14 out/mbrtu_m.o
 .rodata.__FUNCTION__.5373
                0x08009724       0x17 out/mbrtu_m.o
 .rodata.str1.1
                0x0800973b      0x1fd out/mbrtu_m.o
 .rodata.__FUNCTION__.5397
                0x08009938       0x19 out/mbrtu_m.o
 .rodata.aucCRCLo
                0x08009951      0x100 out/mbcrc.o
 .rodata.aucCRCHi
                0x08009a51      0x100 out/mbcrc.o
 .rodata.CSWTCH.7
                0x08009b51        0x8 out/mbutils.o
 .rodata.str1.1
                0x08009b59       0x3a out/mbutils.o
 .rodata.__FUNCTION__.5113
                0x08009b93        0xf out/mbutils.o
 .rodata.str1.1
                0x08009ba2       0x3e out/mbfunccoils_m.o
 .rodata.str1.1
                0x08009be0       0x14 out/mbfuncinput_m.o
 .rodata.APBAHBPrescTable
                0x08009bf4       0x10 out/stm32f4xx_hal_rcc.o
                0x08009bf4                APBAHBPrescTable
 .rodata.str1.1
                0x08009c04       0x4f out/stm32f4xx_hal_rcc.o
 .rodata.str1.1
                0x08009c53       0x4f out/stm32f4xx_hal_i2c.o
 .rodata.str1.1
                0x08009ca2       0x52 out/stm32f4xx_hal_cortex.o
 .rodata.str1.1
                0x08009cf4       0x50 out/stm32f4xx_hal_uart.o
 .rodata.str1.1
                0x08009d44       0x4f out/stm32f4xx_ll_fsmc.o
 .rodata.str1.1
                0x08009d93       0x4f out/stm32f4xx_hal_tim.o
 .rodata.str1.1
                0x08009de2       0x50 out/stm32f4xx_hal_gpio.o
 *fill*         0x08009e32        0x2 
 .rodata.str1.4
                0x08009e34       0x3f c:/program files/gcc-arm-none-eabi-4_9-2014/bin/../lib/gcc/arm-none-eabi/4.9.3/../../../../arm-none-eabi/lib/armv7e-m\libg.a(lib_a-assert.o)
                                 0x44 (size before relaxing)
 *fill*         0x08009e73        0x1 
 .rodata.str1.4
                0x08009e74        0x2 c:/program files/gcc-arm-none-eabi-4_9-2014/bin/../lib/gcc/arm-none-eabi/4.9.3/../../../../arm-none-eabi/lib/armv7e-m\libg.a(lib_a-impure.o)
                                  0x4 (size before relaxing)
 *fill*         0x08009e76        0x2 
 .rodata.str1.4
                0x08009e78        0x2 c:/program files/gcc-arm-none-eabi-4_9-2014/bin/../lib/gcc/arm-none-eabi/4.9.3/../../../../arm-none-eabi/lib/armv7e-m\libg.a(lib_a-puts.o)
                                  0x4 (size before relaxing)
 *fill*         0x08009e7a        0x2 
 .rodata.zeroes.6753
                0x08009e7c       0x10 c:/program files/gcc-arm-none-eabi-4_9-2014/bin/../lib/gcc/arm-none-eabi/4.9.3/../../../../arm-none-eabi/lib/armv7e-m\libg.a(lib_a-vfiprintf.o)
 .rodata.blanks.6752
                0x08009e8c       0x10 c:/program files/gcc-arm-none-eabi-4_9-2014/bin/../lib/gcc/arm-none-eabi/4.9.3/../../../../arm-none-eabi/lib/armv7e-m\libg.a(lib_a-vfiprintf.o)
 .rodata.str1.4
                0x08009e9c       0x2f c:/program files/gcc-arm-none-eabi-4_9-2014/bin/../lib/gcc/arm-none-eabi/4.9.3/../../../../arm-none-eabi/lib/armv7e-m\libg.a(lib_a-vfiprintf.o)
                                 0x30 (size before relaxing)
 *fill*         0x08009ecb        0x1 
 .rodata.zeroes.6810
                0x08009ecc       0x10 c:/program files/gcc-arm-none-eabi-4_9-2014/bin/../lib/gcc/arm-none-eabi/4.9.3/../../../../arm-none-eabi/lib/armv7e-m\libg.a(lib_a-vfprintf.o)
 .rodata.str1.4
                0x08009edc       0x12 c:/program files/gcc-arm-none-eabi-4_9-2014/bin/../lib/gcc/arm-none-eabi/4.9.3/../../../../arm-none-eabi/lib/armv7e-m\libg.a(lib_a-vfprintf.o)
                                 0x44 (size before relaxing)
 *fill*         0x08009eee        0x2 
 .rodata.blanks.6809
                0x08009ef0       0x10 c:/program files/gcc-arm-none-eabi-4_9-2014/bin/../lib/gcc/arm-none-eabi/4.9.3/../../../../arm-none-eabi/lib/armv7e-m\libg.a(lib_a-vfprintf.o)
 .rodata.str1.4
                0x08009f00       0x10 c:/program files/gcc-arm-none-eabi-4_9-2014/bin/../lib/gcc/arm-none-eabi/4.9.3/../../../../arm-none-eabi/lib/armv7e-m\libg.a(lib_a-dtoa.o)
                                 0x14 (size before relaxing)
 .rodata.str1.4
                0x08009f10        0xc c:/program files/gcc-arm-none-eabi-4_9-2014/bin/../lib/gcc/arm-none-eabi/4.9.3/../../../../arm-none-eabi/lib/armv7e-m\libg.a(lib_a-locale.o)
                                 0x14 (size before relaxing)
 *fill*         0x08009f1c        0x4 
 .rodata.__mprec_tens
                0x08009f20       0xc8 c:/program files/gcc-arm-none-eabi-4_9-2014/bin/../lib/gcc/arm-none-eabi/4.9.3/../../../../arm-none-eabi/lib/armv7e-m\libg.a(lib_a-mprec.o)
                0x08009f20                __mprec_tens
 .rodata.__mprec_bigtens
                0x08009fe8       0x28 c:/program files/gcc-arm-none-eabi-4_9-2014/bin/../lib/gcc/arm-none-eabi/4.9.3/../../../../arm-none-eabi/lib/armv7e-m\libg.a(lib_a-mprec.o)
                0x08009fe8                __mprec_bigtens
 .rodata.p05.5265
                0x0800a010        0xc c:/program files/gcc-arm-none-eabi-4_9-2014/bin/../lib/gcc/arm-none-eabi/4.9.3/../../../../arm-none-eabi/lib/armv7e-m\libg.a(lib_a-mprec.o)
                0x0800a01c                . = ALIGN (0x4)

.ARM.extab
 *(.ARM.extab* .gnu.linkonce.armextab.*)

.ARM            0x0800a01c        0x8
                0x0800a01c                __exidx_start = .
 *(.ARM.exidx*)
 .ARM.exidx     0x0800a01c        0x8 c:/program files/gcc-arm-none-eabi-4_9-2014/bin/../lib/gcc/arm-none-eabi/4.9.3/armv7e-m\libgcc.a(_divdi3.o)
 .ARM.exidx     0x0800a024        0x0 c:/program files/gcc-arm-none-eabi-4_9-2014/bin/../lib/gcc/arm-none-eabi/4.9.3/armv7e-m\libgcc.a(_udivdi3.o)
                                  0x8 (size before relaxing)
                0x0800a024                __exidx_end = .

.rel.dyn        0x0800a024        0x0
 .rel.iplt      0x00000000        0x0 out/startup_stm32f401xe.o

.preinit_array  0x0800a024        0x0
                0x0800a024                PROVIDE (__preinit_array_start, .)
 *(.preinit_array*)
                0x0800a024                PROVIDE (__preinit_array_end, .)

.init_array     0x0800a024        0x0
                0x0800a024                PROVIDE (__init_array_start, .)
 *(SORT(.init_array.*))
 *(.init_array*)
                0x0800a024                PROVIDE (__init_array_end, .)

.fini_array     0x0800a024        0x0
                0x0800a024                PROVIDE (__fini_array_start, .)
 *(SORT(.fini_array.*))
 *(.fini_array*)
                0x0800a024                PROVIDE (__fini_array_end, .)
                0x0800a024                _sidata = LOADADDR (.data)

.data           0x20000000      0x8a4 load address 0x0800a024
                0x20000000                . = ALIGN (0x4)
                0x20000000                _sdata = .
 *(.data)
 *(.data*)
 .data.SystemCoreClock
                0x20000000        0x4 out/system_stm32f4xx.o
                0x20000000                SystemCoreClock
 .data.xtNeedPoll
                0x20000004        0x1 out/main.o
                0x20000004                xtNeedPoll
 .data.eMBState
                0x20000005        0x1 out/mb_m.o
 *fill*         0x20000006        0x2 
 .data.impure_data
                0x20000008      0x428 c:/program files/gcc-arm-none-eabi-4_9-2014/bin/../lib/gcc/arm-none-eabi/4.9.3/../../../../arm-none-eabi/lib/armv7e-m\libg.a(lib_a-impure.o)
 .data._impure_ptr
                0x20000430        0x4 c:/program files/gcc-arm-none-eabi-4_9-2014/bin/../lib/gcc/arm-none-eabi/4.9.3/../../../../arm-none-eabi/lib/armv7e-m\libg.a(lib_a-impure.o)
                0x20000430                _impure_ptr
 .data.lconv    0x20000434       0x38 c:/program files/gcc-arm-none-eabi-4_9-2014/bin/../lib/gcc/arm-none-eabi/4.9.3/../../../../arm-none-eabi/lib/armv7e-m\libg.a(lib_a-locale.o)
 .data.lc_ctype_charset
                0x2000046c       0x20 c:/program files/gcc-arm-none-eabi-4_9-2014/bin/../lib/gcc/arm-none-eabi/4.9.3/../../../../arm-none-eabi/lib/armv7e-m\libg.a(lib_a-locale.o)
 .data.__mb_cur_max
                0x2000048c        0x4 c:/program files/gcc-arm-none-eabi-4_9-2014/bin/../lib/gcc/arm-none-eabi/4.9.3/../../../../arm-none-eabi/lib/armv7e-m\libg.a(lib_a-locale.o)
                0x2000048c                __mb_cur_max
 .data.__malloc_av_
                0x20000490      0x408 c:/program files/gcc-arm-none-eabi-4_9-2014/bin/../lib/gcc/arm-none-eabi/4.9.3/../../../../arm-none-eabi/lib/armv7e-m\libg.a(lib_a-mallocr.o)
                0x20000490                __malloc_av_
 .data.__malloc_trim_threshold
                0x20000898        0x4 c:/program files/gcc-arm-none-eabi-4_9-2014/bin/../lib/gcc/arm-none-eabi/4.9.3/../../../../arm-none-eabi/lib/armv7e-m\libg.a(lib_a-mallocr.o)
                0x20000898                __malloc_trim_threshold
 .data.__malloc_sbrk_base
                0x2000089c        0x4 c:/program files/gcc-arm-none-eabi-4_9-2014/bin/../lib/gcc/arm-none-eabi/4.9.3/../../../../arm-none-eabi/lib/armv7e-m\libg.a(lib_a-mallocr.o)
                0x2000089c                __malloc_sbrk_base
 .data.__wctomb
                0x200008a0        0x4 c:/program files/gcc-arm-none-eabi-4_9-2014/bin/../lib/gcc/arm-none-eabi/4.9.3/../../../../arm-none-eabi/lib/armv7e-m\libg.a(lib_a-wctomb_r.o)
                0x200008a0                __wctomb
                0x200008a4                . = ALIGN (0x4)
                0x200008a4                _edata = .

.igot.plt       0x200008a4        0x0 load address 0x0800a8c8
 .igot.plt      0x00000000        0x0 out/startup_stm32f401xe.o
                0x200008a4                . = ALIGN (0x4)

.bss            0x200008a4     0x9ed4 load address 0x0800a8c8
                0x200008a4                _sbss = .
                0x200008a4                __bss_start__ = _sbss
 *(.bss)
 *(.bss*)
 .bss.Timeout_Timer_0
                0x200008a4        0x4 out/stm32f4xx_it.o
 .bss.touch_timer
                0x200008a8        0x4 out/stm32f4xx_it.o
 .bss.msec_counter
                0x200008ac        0x4 out/stm32f4xx_it.o
 .bss.gui_Exec  0x200008b0        0x1 out/stm32f4xx_it.o
                0x200008b0                gui_Exec
 .bss.Touch_Flagged
                0x200008b1        0x1 out/stm32f4xx_it.o
                0x200008b1                Touch_Flagged
 .bss.xtCoilRegIndex
                0x200008b2        0x2 out/main.o
 .bss.usMRegInBuf
                0x200008b4     0x4b00 out/main.o
 .bss.xtholdingNRegs
                0x200053b4        0x2 out/main.o
 *fill*         0x200053b6        0x2 
 .bss.Debug_ITMDebug
                0x200053b8        0x4 out/main.o
 .bss.xtCoilNRegs
                0x200053bc        0x2 out/main.o
 .bss.xtinputNRegs
                0x200053be        0x2 out/main.o
 .bss.xtinputRegIndex
                0x200053c0        0x2 out/main.o
 .bss.xtholdingRegIndex
                0x200053c2        0x2 out/main.o
 .bss.usMRegHoldBuf
                0x200053c4     0x4b00 out/main.o
 .bss.heap_end.7936
                0x20009ec4        0x4 out/newlib_stubs.o
 .bss.xEventInQueue
                0x20009ec8        0x1 out/portevent_m.o
 .bss.eQueuedEvent
                0x20009ec9        0x1 out/portevent_m.o
 *fill*         0x20009eca        0x2 
 .bss.pvMBMasterFrameCloseCur
                0x20009ecc        0x4 out/mb_m.o
 .bss.ucFunctionCode.5398
                0x20009ed0        0x1 out/mb_m.o
 *fill*         0x20009ed1        0x3 
 .bss.pvMBMasterFrameStopCur
                0x20009ed4        0x4 out/mb_m.o
 .bss.ucMBMasterDestAddress
                0x20009ed8        0x1 out/mb_m.o
 *fill*         0x20009ed9        0x3 
 .bss.pvMBMasterFrameStartCur
                0x20009edc        0x4 out/mb_m.o
 .bss.peMBMasterFrameReceiveCur
                0x20009ee0        0x4 out/mb_m.o
 .bss.ucRcvAddress.5397
                0x20009ee4        0x1 out/mb_m.o
 .bss.xMBRunInMasterMode
                0x20009ee5        0x1 out/mb_m.o
 *fill*         0x20009ee6        0x2 
 .bss.ucMBFrame.5396
                0x20009ee8        0x4 out/mb_m.o
 .bss.usLength.5399
                0x20009eec        0x2 out/mb_m.o
 .bss.eMBMasterCurErrorType
                0x20009eee        0x1 out/mb_m.o
 .bss.eException.5400
                0x20009eef        0x1 out/mb_m.o
 .bss.peMBMasterFrameSendCur
                0x20009ef0        0x4 out/mb_m.o
 .bss.ucMasterRTURcvBuf
                0x20009ef4      0x100 out/mbrtu_m.o
 .bss.xFrameIsBroadcast
                0x20009ff4        0x1 out/mbrtu_m.o
 *fill*         0x20009ff5        0x1 
 .bss.usMasterRcvBufferPos
                0x20009ff6        0x2 out/mbrtu_m.o
 .bss.usMasterSndBufferCount
                0x20009ff8        0x2 out/mbrtu_m.o
 .bss.eSndState
                0x20009ffa        0x1 out/mbrtu_m.o
 .bss.eMasterCurTimerMode
                0x20009ffb        0x1 out/mbrtu_m.o
 .bss.usMasterSendPDULength
                0x20009ffc        0x2 out/mbrtu_m.o
 .bss.eRcvState
                0x20009ffe        0x1 out/mbrtu_m.o
 *fill*         0x20009fff        0x1 
 .bss.pucMasterSndBufferCur
                0x2000a000        0x4 out/mbrtu_m.o
 .bss.ucMasterRTUSndBuf
                0x2000a004       0xfd out/mbrtu_m.o
 *fill*         0x2000a101        0x1 
 .bss.usMBSlaveIDLen
                0x2000a102        0x2 out/mbfuncother.o
 .bss.ucMBSlaveID
                0x2000a104       0x20 out/mbfuncother.o
 .bss.uwTick    0x2000a124        0x4 out/stm32f4xx_hal.o
 .bss.__malloc_max_total_mem
                0x2000a128        0x4 c:/program files/gcc-arm-none-eabi-4_9-2014/bin/../lib/gcc/arm-none-eabi/4.9.3/../../../../arm-none-eabi/lib/armv7e-m\libg.a(lib_a-mallocr.o)
                0x2000a128                __malloc_max_total_mem
 .bss.__malloc_max_sbrked_mem
                0x2000a12c        0x4 c:/program files/gcc-arm-none-eabi-4_9-2014/bin/../lib/gcc/arm-none-eabi/4.9.3/../../../../arm-none-eabi/lib/armv7e-m\libg.a(lib_a-mallocr.o)
                0x2000a12c                __malloc_max_sbrked_mem
 .bss.__malloc_top_pad
                0x2000a130        0x4 c:/program files/gcc-arm-none-eabi-4_9-2014/bin/../lib/gcc/arm-none-eabi/4.9.3/../../../../arm-none-eabi/lib/armv7e-m\libg.a(lib_a-mallocr.o)
                0x2000a130                __malloc_top_pad
 .bss.__malloc_current_mallinfo
                0x2000a134       0x28 c:/program files/gcc-arm-none-eabi-4_9-2014/bin/../lib/gcc/arm-none-eabi/4.9.3/../../../../arm-none-eabi/lib/armv7e-m\libg.a(lib_a-mallocr.o)
                0x2000a134                __malloc_current_mallinfo
 *(COMMON)
 COMMON         0x2000a15c      0x604 out/main.o
                0x2000a15c                UartHandle
                0x2000a19c                ucMCoilBuf
                0x2000a64c                TimHandle_5
                0x2000a688                SRAM_Timing
                0x2000a6a4                hsram
                0x2000a6e8                TimHandle_4
                0x2000a724                I2cHandle
 COMMON         0x2000a760       0x14 out/mb_m.o
                0x2000a760                pxMBMasterFrameCBReceiveFSMCur
                0x2000a764                pxMBMasterFrameCBTransmitFSMCur
                0x2000a768                pxMBMasterFrameCBTransmitterEmpty
                0x2000a76c                pxMBMasterFrameCBByteReceived
                0x2000a770                pxMBMasterPortCBTimerExpired
 COMMON         0x2000a774        0x4 c:/program files/gcc-arm-none-eabi-4_9-2014/bin/../lib/gcc/arm-none-eabi/4.9.3/../../../../arm-none-eabi/lib/armv7e-m\libg.a(lib_a-reent.o)
                0x2000a774                errno
                0x2000a778                . = ALIGN (0x4)
                0x2000a778                _ebss = .
                0x2000a778                __bss_end__ = _ebss

._user_heap_stack
                0x2000a778      0x600 load address 0x0800a8c8
                0x2000a778                . = ALIGN (0x4)
                0x2000a778                PROVIDE (end, .)
                0x2000a778                PROVIDE (_end, .)
                0x2000a978                . = (. + _Min_Heap_Size)
 *fill*         0x2000a778      0x200 
                0x2000ad78                . = (. + _Min_Stack_Size)
 *fill*         0x2000a978      0x400 
                0x2000ad78                . = ALIGN (0x4)

/DISCARD/
 libc.a(*)
 libm.a(*)
 libgcc.a(*)

.ARM.attributes
                0x00000000       0x2f
 *(.ARM.attributes)
 .ARM.attributes
                0x00000000       0x21 out/startup_stm32f401xe.o
 .ARM.attributes
                0x00000021       0x33 out/system_stm32f4xx.o
 .ARM.attributes
                0x00000054       0x33 out/stm32f4xx_it.o
 .ARM.attributes
                0x00000087       0x33 out/main.o
 .ARM.attributes
                0x000000ba       0x33 out/stm32f4xx_hal_msp.o
 .ARM.attributes
                0x000000ed       0x33 out/newlib_stubs.o
 .ARM.attributes
                0x00000120       0x33 out/portevent_m.o
 .ARM.attributes
                0x00000153       0x33 out/portserial_m.o
 .ARM.attributes
                0x00000186       0x33 out/porttimer_m.o
 .ARM.attributes
                0x000001b9       0x33 out/port.o
 .ARM.attributes
                0x000001ec       0x33 out/mb_m.o
 .ARM.attributes
                0x0000021f       0x33 out/mbrtu_m.o
 .ARM.attributes
                0x00000252       0x33 out/mbcrc.o
 .ARM.attributes
                0x00000285       0x33 out/mbutils.o
 .ARM.attributes
                0x000002b8       0x33 out/mbfunccoils_m.o
 .ARM.attributes
                0x000002eb       0x33 out/mbfuncother.o
 .ARM.attributes
                0x0000031e       0x33 out/mbfuncdisc_m.o
 .ARM.attributes
                0x00000351       0x33 out/mbfuncinput_m.o
 .ARM.attributes
                0x00000384       0x33 out/mbfuncholding_m.o
 .ARM.attributes
                0x000003b7       0x33 out/stm32f4xx_hal_rcc.o
 .ARM.attributes
                0x000003ea       0x33 out/stm32f4xx_hal_i2c.o
 .ARM.attributes
                0x0000041d       0x33 out/stm32f4xx_hal_cortex.o
 .ARM.attributes
                0x00000450       0x33 out/stm32f4xx_hal_uart.o
 .ARM.attributes
                0x00000483       0x33 out/stm32f4xx_ll_fsmc.o
 .ARM.attributes
                0x000004b6       0x33 out/stm32f4xx_hal_sram.o
 .ARM.attributes
                0x000004e9       0x33 out/stm32f4xx_hal_tim_ex.o
 .ARM.attributes
                0x0000051c       0x33 out/stm32f4xx_hal_tim.o
 .ARM.attributes
                0x0000054f       0x33 out/stm32f4xx_hal_gpio.o
 .ARM.attributes
                0x00000582       0x33 out/stm32f4xx_hal.o
 .ARM.attributes
                0x000005b5       0x2e c:/program files/gcc-arm-none-eabi-4_9-2014/bin/../lib/gcc/arm-none-eabi/4.9.3/../../../../arm-none-eabi/lib/armv7e-m\libg.a(lib_a-assert.o)
 .ARM.attributes
                0x000005e3       0x2e c:/program files/gcc-arm-none-eabi-4_9-2014/bin/../lib/gcc/arm-none-eabi/4.9.3/../../../../arm-none-eabi/lib/armv7e-m\libg.a(lib_a-fiprintf.o)
 .ARM.attributes
                0x00000611       0x2e c:/program files/gcc-arm-none-eabi-4_9-2014/bin/../lib/gcc/arm-none-eabi/4.9.3/../../../../arm-none-eabi/lib/armv7e-m\libg.a(lib_a-impure.o)
 .ARM.attributes
                0x0000063f       0x1c c:/program files/gcc-arm-none-eabi-4_9-2014/bin/../lib/gcc/arm-none-eabi/4.9.3/../../../../arm-none-eabi/lib/armv7e-m\libg.a(lib_a-memcpy.o)
 .ARM.attributes
                0x0000065b       0x2e c:/program files/gcc-arm-none-eabi-4_9-2014/bin/../lib/gcc/arm-none-eabi/4.9.3/../../../../arm-none-eabi/lib/armv7e-m\libg.a(lib_a-printf.o)
 .ARM.attributes
                0x00000689       0x2e c:/program files/gcc-arm-none-eabi-4_9-2014/bin/../lib/gcc/arm-none-eabi/4.9.3/../../../../arm-none-eabi/lib/armv7e-m\libg.a(lib_a-puts.o)
 .ARM.attributes
                0x000006b7       0x2e c:/program files/gcc-arm-none-eabi-4_9-2014/bin/../lib/gcc/arm-none-eabi/4.9.3/../../../../arm-none-eabi/lib/armv7e-m\libg.a(lib_a-reent.o)
 .ARM.attributes
                0x000006e5       0x2e c:/program files/gcc-arm-none-eabi-4_9-2014/bin/../lib/gcc/arm-none-eabi/4.9.3/../../../../arm-none-eabi/lib/armv7e-m\libg.a(lib_a-strlen.o)
 .ARM.attributes
                0x00000713       0x2e c:/program files/gcc-arm-none-eabi-4_9-2014/bin/../lib/gcc/arm-none-eabi/4.9.3/../../../../arm-none-eabi/lib/armv7e-m\libg.a(lib_a-vfiprintf.o)
 .ARM.attributes
                0x00000741       0x2e c:/program files/gcc-arm-none-eabi-4_9-2014/bin/../lib/gcc/arm-none-eabi/4.9.3/../../../../arm-none-eabi/lib/armv7e-m\libg.a(lib_a-vfprintf.o)
 .ARM.attributes
                0x0000076f       0x2e c:/program files/gcc-arm-none-eabi-4_9-2014/bin/../lib/gcc/arm-none-eabi/4.9.3/../../../../arm-none-eabi/lib/armv7e-m\libg.a(lib_a-wsetup.o)
 .ARM.attributes
                0x0000079d       0x2e c:/program files/gcc-arm-none-eabi-4_9-2014/bin/../lib/gcc/arm-none-eabi/4.9.3/../../../../arm-none-eabi/lib/armv7e-m\libg.a(lib_a-abort.o)
 .ARM.attributes
                0x000007cb       0x2e c:/program files/gcc-arm-none-eabi-4_9-2014/bin/../lib/gcc/arm-none-eabi/4.9.3/../../../../arm-none-eabi/lib/armv7e-m\libg.a(lib_a-dtoa.o)
 .ARM.attributes
                0x000007f9       0x2e c:/program files/gcc-arm-none-eabi-4_9-2014/bin/../lib/gcc/arm-none-eabi/4.9.3/../../../../arm-none-eabi/lib/armv7e-m\libg.a(lib_a-fflush.o)
 .ARM.attributes
                0x00000827       0x2e c:/program files/gcc-arm-none-eabi-4_9-2014/bin/../lib/gcc/arm-none-eabi/4.9.3/../../../../arm-none-eabi/lib/armv7e-m\libg.a(lib_a-findfp.o)
 .ARM.attributes
                0x00000855       0x2e c:/program files/gcc-arm-none-eabi-4_9-2014/bin/../lib/gcc/arm-none-eabi/4.9.3/../../../../arm-none-eabi/lib/armv7e-m\libg.a(lib_a-fputwc.o)
 .ARM.attributes
                0x00000883       0x2e c:/program files/gcc-arm-none-eabi-4_9-2014/bin/../lib/gcc/arm-none-eabi/4.9.3/../../../../arm-none-eabi/lib/armv7e-m\libg.a(lib_a-freer.o)
 .ARM.attributes
                0x000008b1       0x2e c:/program files/gcc-arm-none-eabi-4_9-2014/bin/../lib/gcc/arm-none-eabi/4.9.3/../../../../arm-none-eabi/lib/armv7e-m\libg.a(lib_a-fvwrite.o)
 .ARM.attributes
                0x000008df       0x2e c:/program files/gcc-arm-none-eabi-4_9-2014/bin/../lib/gcc/arm-none-eabi/4.9.3/../../../../arm-none-eabi/lib/armv7e-m\libg.a(lib_a-fwalk.o)
 .ARM.attributes
                0x0000090d       0x2e c:/program files/gcc-arm-none-eabi-4_9-2014/bin/../lib/gcc/arm-none-eabi/4.9.3/../../../../arm-none-eabi/lib/armv7e-m\libg.a(lib_a-locale.o)
 .ARM.attributes
                0x0000093b       0x2e c:/program files/gcc-arm-none-eabi-4_9-2014/bin/../lib/gcc/arm-none-eabi/4.9.3/../../../../arm-none-eabi/lib/armv7e-m\libg.a(lib_a-makebuf.o)
 .ARM.attributes
                0x00000969       0x2e c:/program files/gcc-arm-none-eabi-4_9-2014/bin/../lib/gcc/arm-none-eabi/4.9.3/../../../../arm-none-eabi/lib/armv7e-m\libg.a(lib_a-mallocr.o)
 .ARM.attributes
                0x00000997       0x2e c:/program files/gcc-arm-none-eabi-4_9-2014/bin/../lib/gcc/arm-none-eabi/4.9.3/../../../../arm-none-eabi/lib/armv7e-m\libg.a(lib_a-memchr.o)
 .ARM.attributes
                0x000009c5       0x2e c:/program files/gcc-arm-none-eabi-4_9-2014/bin/../lib/gcc/arm-none-eabi/4.9.3/../../../../arm-none-eabi/lib/armv7e-m\libg.a(lib_a-memmove.o)
 .ARM.attributes
                0x000009f3       0x2e c:/program files/gcc-arm-none-eabi-4_9-2014/bin/../lib/gcc/arm-none-eabi/4.9.3/../../../../arm-none-eabi/lib/armv7e-m\libg.a(lib_a-memset.o)
 .ARM.attributes
                0x00000a21       0x2e c:/program files/gcc-arm-none-eabi-4_9-2014/bin/../lib/gcc/arm-none-eabi/4.9.3/../../../../arm-none-eabi/lib/armv7e-m\libg.a(lib_a-mlock.o)
 .ARM.attributes
                0x00000a4f       0x2e c:/program files/gcc-arm-none-eabi-4_9-2014/bin/../lib/gcc/arm-none-eabi/4.9.3/../../../../arm-none-eabi/lib/armv7e-m\libg.a(lib_a-mprec.o)
 .ARM.attributes
                0x00000a7d       0x2e c:/program files/gcc-arm-none-eabi-4_9-2014/bin/../lib/gcc/arm-none-eabi/4.9.3/../../../../arm-none-eabi/lib/armv7e-m\libg.a(lib_a-reallocr.o)
 .ARM.attributes
                0x00000aab       0x2e c:/program files/gcc-arm-none-eabi-4_9-2014/bin/../lib/gcc/arm-none-eabi/4.9.3/../../../../arm-none-eabi/lib/armv7e-m\libg.a(lib_a-s_fpclassify.o)
 .ARM.attributes
                0x00000ad9       0x2e c:/program files/gcc-arm-none-eabi-4_9-2014/bin/../lib/gcc/arm-none-eabi/4.9.3/../../../../arm-none-eabi/lib/armv7e-m\libg.a(lib_a-sbrkr.o)
 .ARM.attributes
                0x00000b07       0x2e c:/program files/gcc-arm-none-eabi-4_9-2014/bin/../lib/gcc/arm-none-eabi/4.9.3/../../../../arm-none-eabi/lib/armv7e-m\libg.a(lib_a-signal.o)
 .ARM.attributes
                0x00000b35       0x2e c:/program files/gcc-arm-none-eabi-4_9-2014/bin/../lib/gcc/arm-none-eabi/4.9.3/../../../../arm-none-eabi/lib/armv7e-m\libg.a(lib_a-signalr.o)
 .ARM.attributes
                0x00000b63       0x2e c:/program files/gcc-arm-none-eabi-4_9-2014/bin/../lib/gcc/arm-none-eabi/4.9.3/../../../../arm-none-eabi/lib/armv7e-m\libg.a(lib_a-stdio.o)
 .ARM.attributes
                0x00000b91       0x2e c:/program files/gcc-arm-none-eabi-4_9-2014/bin/../lib/gcc/arm-none-eabi/4.9.3/../../../../arm-none-eabi/lib/armv7e-m\libg.a(lib_a-wbuf.o)
 .ARM.attributes
                0x00000bbf       0x2e c:/program files/gcc-arm-none-eabi-4_9-2014/bin/../lib/gcc/arm-none-eabi/4.9.3/../../../../arm-none-eabi/lib/armv7e-m\libg.a(lib_a-wcrtomb.o)
 .ARM.attributes
                0x00000bed       0x2e c:/program files/gcc-arm-none-eabi-4_9-2014/bin/../lib/gcc/arm-none-eabi/4.9.3/../../../../arm-none-eabi/lib/armv7e-m\libg.a(lib_a-wctomb_r.o)
 .ARM.attributes
                0x00000c1b       0x2e c:/program files/gcc-arm-none-eabi-4_9-2014/bin/../lib/gcc/arm-none-eabi/4.9.3/../../../../arm-none-eabi/lib/armv7e-m\libg.a(lib_a-writer.o)
 .ARM.attributes
                0x00000c49       0x2e c:/program files/gcc-arm-none-eabi-4_9-2014/bin/../lib/gcc/arm-none-eabi/4.9.3/../../../../arm-none-eabi/lib/armv7e-m\libg.a(lib_a-callocr.o)
 .ARM.attributes
                0x00000c77       0x2e c:/program files/gcc-arm-none-eabi-4_9-2014/bin/../lib/gcc/arm-none-eabi/4.9.3/../../../../arm-none-eabi/lib/armv7e-m\libg.a(lib_a-closer.o)
 .ARM.attributes
                0x00000ca5       0x2e c:/program files/gcc-arm-none-eabi-4_9-2014/bin/../lib/gcc/arm-none-eabi/4.9.3/../../../../arm-none-eabi/lib/armv7e-m\libg.a(lib_a-fclose.o)
 .ARM.attributes
                0x00000cd3       0x2e c:/program files/gcc-arm-none-eabi-4_9-2014/bin/../lib/gcc/arm-none-eabi/4.9.3/../../../../arm-none-eabi/lib/armv7e-m\libg.a(lib_a-fstatr.o)
 .ARM.attributes
                0x00000d01       0x2e c:/program files/gcc-arm-none-eabi-4_9-2014/bin/../lib/gcc/arm-none-eabi/4.9.3/../../../../arm-none-eabi/lib/armv7e-m\libg.a(lib_a-isattyr.o)
 .ARM.attributes
                0x00000d2f       0x2e c:/program files/gcc-arm-none-eabi-4_9-2014/bin/../lib/gcc/arm-none-eabi/4.9.3/../../../../arm-none-eabi/lib/armv7e-m\libg.a(lib_a-lseekr.o)
 .ARM.attributes
                0x00000d5d       0x2e c:/program files/gcc-arm-none-eabi-4_9-2014/bin/../lib/gcc/arm-none-eabi/4.9.3/../../../../arm-none-eabi/lib/armv7e-m\libg.a(lib_a-readr.o)
 .ARM.attributes
                0x00000d8b       0x1e c:/program files/gcc-arm-none-eabi-4_9-2014/bin/../lib/gcc/arm-none-eabi/4.9.3/armv7e-m\libgcc.a(_arm_addsubdf3.o)
 .ARM.attributes
                0x00000da9       0x1e c:/program files/gcc-arm-none-eabi-4_9-2014/bin/../lib/gcc/arm-none-eabi/4.9.3/armv7e-m\libgcc.a(_arm_muldivdf3.o)
 .ARM.attributes
                0x00000dc7       0x1e c:/program files/gcc-arm-none-eabi-4_9-2014/bin/../lib/gcc/arm-none-eabi/4.9.3/armv7e-m\libgcc.a(_arm_cmpdf2.o)
 .ARM.attributes
                0x00000de5       0x1e c:/program files/gcc-arm-none-eabi-4_9-2014/bin/../lib/gcc/arm-none-eabi/4.9.3/armv7e-m\libgcc.a(_arm_fixdfsi.o)
 .ARM.attributes
                0x00000e03       0x1e c:/program files/gcc-arm-none-eabi-4_9-2014/bin/../lib/gcc/arm-none-eabi/4.9.3/armv7e-m\libgcc.a(_aeabi_uldivmod.o)
 .ARM.attributes
                0x00000e21       0x2e c:/program files/gcc-arm-none-eabi-4_9-2014/bin/../lib/gcc/arm-none-eabi/4.9.3/armv7e-m\libgcc.a(bpabi.o)
 .ARM.attributes
                0x00000e4f       0x1e c:/program files/gcc-arm-none-eabi-4_9-2014/bin/../lib/gcc/arm-none-eabi/4.9.3/armv7e-m\libgcc.a(_dvmd_tls.o)
 .ARM.attributes
                0x00000e6d       0x2e c:/program files/gcc-arm-none-eabi-4_9-2014/bin/../lib/gcc/arm-none-eabi/4.9.3/armv7e-m\libgcc.a(_divdi3.o)
 .ARM.attributes
                0x00000e9b       0x2e c:/program files/gcc-arm-none-eabi-4_9-2014/bin/../lib/gcc/arm-none-eabi/4.9.3/armv7e-m\libgcc.a(_udivdi3.o)
OUTPUT(out/F401RE-Master.elf elf32-littlearm)

.debug_line     0x00000000     0xfbe5
 .debug_line    0x00000000       0x73 out/startup_stm32f401xe.o
 .debug_line    0x00000073      0x628 out/system_stm32f4xx.o
 .debug_line    0x0000069b      0x6e9 out/stm32f4xx_it.o
 .debug_line    0x00000d84      0x9de out/main.o
 .debug_line    0x00001762      0x746 out/stm32f4xx_hal_msp.o
 .debug_line    0x00001ea8      0x823 out/newlib_stubs.o
 .debug_line    0x000026cb      0x33f out/portevent_m.o
 .debug_line    0x00002a0a      0x804 out/portserial_m.o
 .debug_line    0x0000320e      0x78c out/porttimer_m.o
 .debug_line    0x0000399a      0x6b5 out/port.o
 .debug_line    0x0000404f      0x4e9 out/mb_m.o
 .debug_line    0x00004538      0x4f3 out/mbrtu_m.o
 .debug_line    0x00004a2b      0x26b out/mbcrc.o
 .debug_line    0x00004c96      0x35f out/mbutils.o
 .debug_line    0x00004ff5      0x45e out/mbfunccoils_m.o
 .debug_line    0x00005453      0x33d out/mbfuncother.o
 .debug_line    0x00005790      0x36e out/mbfuncdisc_m.o
 .debug_line    0x00005afe      0x37f out/mbfuncinput_m.o
 .debug_line    0x00005e7d      0x486 out/mbfuncholding_m.o
 .debug_line    0x00006303      0xa61 out/stm32f4xx_hal_rcc.o
 .debug_line    0x00006d64     0x13ac out/stm32f4xx_hal_i2c.o
 .debug_line    0x00008110      0x844 out/stm32f4xx_hal_cortex.o
 .debug_line    0x00008954      0xf71 out/stm32f4xx_hal_uart.o
 .debug_line    0x000098c5      0xa8a out/stm32f4xx_ll_fsmc.o
 .debug_line    0x0000a34f      0x8ec out/stm32f4xx_hal_sram.o
 .debug_line    0x0000ac3b     0x1005 out/stm32f4xx_hal_tim_ex.o
 .debug_line    0x0000bc40     0x2f42 out/stm32f4xx_hal_tim.o
 .debug_line    0x0000eb82      0x8a2 out/stm32f4xx_hal_gpio.o
 .debug_line    0x0000f424      0x7c1 out/stm32f4xx_hal.o

.debug_info     0x00000000    0x180e4
 .debug_info    0x00000000       0x66 out/startup_stm32f401xe.o
 .debug_info    0x00000066      0x4a7 out/system_stm32f4xx.o
 .debug_info    0x0000050d      0x227 out/stm32f4xx_it.o
 .debug_info    0x00000734     0x1f9c out/main.o
 .debug_info    0x000026d0     0x1487 out/stm32f4xx_hal_msp.o
 .debug_info    0x00003b57      0x725 out/newlib_stubs.o
 .debug_info    0x0000427c      0x414 out/portevent_m.o
 .debug_info    0x00004690      0xae4 out/portserial_m.o
 .debug_info    0x00005174      0x96b out/porttimer_m.o
 .debug_info    0x00005adf      0x101 out/port.o
 .debug_info    0x00005be0      0xb17 out/mb_m.o
 .debug_info    0x000066f7      0xb2a out/mbrtu_m.o
 .debug_info    0x00007221      0x151 out/mbcrc.o
 .debug_info    0x00007372      0x30f out/mbutils.o
 .debug_info    0x00007681      0x90c out/mbfunccoils_m.o
 .debug_info    0x00007f8d      0x2ae out/mbfuncother.o
 .debug_info    0x0000823b      0x470 out/mbfuncdisc_m.o
 .debug_info    0x000086ab      0x4a1 out/mbfuncinput_m.o
 .debug_info    0x00008b4c      0x9f9 out/mbfuncholding_m.o
 .debug_info    0x00009545     0x12b5 out/stm32f4xx_hal_rcc.o
 .debug_info    0x0000a7fa     0x2a5d out/stm32f4xx_hal_i2c.o
 .debug_info    0x0000d257      0xe28 out/stm32f4xx_hal_cortex.o
 .debug_info    0x0000e07f     0x14cd out/stm32f4xx_hal_uart.o
 .debug_info    0x0000f54c     0x1128 out/stm32f4xx_ll_fsmc.o
 .debug_info    0x00010674      0xbca out/stm32f4xx_hal_sram.o
 .debug_info    0x0001123e     0x18cc out/stm32f4xx_hal_tim_ex.o
 .debug_info    0x00012b0a     0x43c4 out/stm32f4xx_hal_tim.o
 .debug_info    0x00016ece      0x85e out/stm32f4xx_hal_gpio.o
 .debug_info    0x0001772c      0x9b8 out/stm32f4xx_hal.o

.debug_abbrev   0x00000000     0x3891
 .debug_abbrev  0x00000000       0x12 out/startup_stm32f401xe.o
 .debug_abbrev  0x00000012      0x104 out/system_stm32f4xx.o
 .debug_abbrev  0x00000116       0xf8 out/stm32f4xx_it.o
 .debug_abbrev  0x0000020e      0x462 out/main.o
 .debug_abbrev  0x00000670      0x1f7 out/stm32f4xx_hal_msp.o
 .debug_abbrev  0x00000867      0x217 out/newlib_stubs.o
 .debug_abbrev  0x00000a7e      0x18a out/portevent_m.o
 .debug_abbrev  0x00000c08      0x319 out/portserial_m.o
 .debug_abbrev  0x00000f21      0x236 out/porttimer_m.o
 .debug_abbrev  0x00001157       0x8a out/port.o
 .debug_abbrev  0x000011e1      0x302 out/mb_m.o
 .debug_abbrev  0x000014e3      0x238 out/mbrtu_m.o
 .debug_abbrev  0x0000171b       0xa5 out/mbcrc.o
 .debug_abbrev  0x000017c0      0x12d out/mbutils.o
 .debug_abbrev  0x000018ed      0x1cd out/mbfunccoils_m.o
 .debug_abbrev  0x00001aba       0xf6 out/mbfuncother.o
 .debug_abbrev  0x00001bb0      0x130 out/mbfuncdisc_m.o
 .debug_abbrev  0x00001ce0      0x156 out/mbfuncinput_m.o
 .debug_abbrev  0x00001e36      0x19d out/mbfuncholding_m.o
 .debug_abbrev  0x00001fd3      0x2f1 out/stm32f4xx_hal_rcc.o
 .debug_abbrev  0x000022c4      0x2c3 out/stm32f4xx_hal_i2c.o
 .debug_abbrev  0x00002587      0x319 out/stm32f4xx_hal_cortex.o
 .debug_abbrev  0x000028a0      0x2d4 out/stm32f4xx_hal_uart.o
 .debug_abbrev  0x00002b74      0x1bf out/stm32f4xx_ll_fsmc.o
 .debug_abbrev  0x00002d33      0x1f1 out/stm32f4xx_hal_sram.o
 .debug_abbrev  0x00002f24      0x22c out/stm32f4xx_hal_tim_ex.o
 .debug_abbrev  0x00003150      0x2dd out/stm32f4xx_hal_tim.o
 .debug_abbrev  0x0000342d      0x1ef out/stm32f4xx_hal_gpio.o
 .debug_abbrev  0x0000361c      0x275 out/stm32f4xx_hal.o

.debug_aranges  0x00000000     0x1090
 .debug_aranges
                0x00000000       0x28 out/startup_stm32f401xe.o
 .debug_aranges
                0x00000028       0x28 out/system_stm32f4xx.o
 .debug_aranges
                0x00000050       0x70 out/stm32f4xx_it.o
 .debug_aranges
                0x000000c0       0x78 out/main.o
 .debug_aranges
                0x00000138       0x60 out/stm32f4xx_hal_msp.o
 .debug_aranges
                0x00000198       0xa0 out/newlib_stubs.o
 .debug_aranges
                0x00000238       0x68 out/portevent_m.o
 .debug_aranges
                0x000002a0       0x60 out/portserial_m.o
 .debug_aranges
                0x00000300       0x58 out/porttimer_m.o
 .debug_aranges
                0x00000358       0x28 out/port.o
 .debug_aranges
                0x00000380       0x70 out/mb_m.o
 .debug_aranges
                0x000003f0       0x88 out/mbrtu_m.o
 .debug_aranges
                0x00000478       0x20 out/mbcrc.o
 .debug_aranges
                0x00000498       0x30 out/mbutils.o
 .debug_aranges
                0x000004c8       0x48 out/mbfunccoils_m.o
 .debug_aranges
                0x00000510       0x28 out/mbfuncother.o
 .debug_aranges
                0x00000538       0x28 out/mbfuncdisc_m.o
 .debug_aranges
                0x00000560       0x28 out/mbfuncinput_m.o
 .debug_aranges
                0x00000588       0x58 out/mbfuncholding_m.o
 .debug_aranges
                0x000005e0       0x88 out/stm32f4xx_hal_rcc.o
 .debug_aranges
                0x00000668      0x190 out/stm32f4xx_hal_i2c.o
 .debug_aranges
                0x000007f8       0x90 out/stm32f4xx_hal_cortex.o
 .debug_aranges
                0x00000888      0x138 out/stm32f4xx_hal_uart.o
 .debug_aranges
                0x000009c0       0xa8 out/stm32f4xx_ll_fsmc.o
 .debug_aranges
                0x00000a68       0xa0 out/stm32f4xx_hal_sram.o
 .debug_aranges
                0x00000b08      0x140 out/stm32f4xx_hal_tim_ex.o
 .debug_aranges
                0x00000c48      0x330 out/stm32f4xx_hal_tim.o
 .debug_aranges
                0x00000f78       0x58 out/stm32f4xx_hal_gpio.o
 .debug_aranges
                0x00000fd0       0xc0 out/stm32f4xx_hal.o

.debug_ranges   0x00000000     0x1148
 .debug_ranges  0x00000000       0x20 out/startup_stm32f401xe.o
 .debug_ranges  0x00000020       0x18 out/system_stm32f4xx.o
 .debug_ranges  0x00000038       0x60 out/stm32f4xx_it.o
 .debug_ranges  0x00000098       0x80 out/main.o
 .debug_ranges  0x00000118       0x50 out/stm32f4xx_hal_msp.o
 .debug_ranges  0x00000168       0x90 out/newlib_stubs.o
 .debug_ranges  0x000001f8       0x58 out/portevent_m.o
 .debug_ranges  0x00000250       0xa0 out/portserial_m.o
 .debug_ranges  0x000002f0       0x48 out/porttimer_m.o
 .debug_ranges  0x00000338       0x18 out/port.o
 .debug_ranges  0x00000350       0xc0 out/mb_m.o
 .debug_ranges  0x00000410       0x78 out/mbrtu_m.o
 .debug_ranges  0x00000488       0x10 out/mbcrc.o
 .debug_ranges  0x00000498       0x20 out/mbutils.o
 .debug_ranges  0x000004b8       0x38 out/mbfunccoils_m.o
 .debug_ranges  0x000004f0       0x18 out/mbfuncother.o
 .debug_ranges  0x00000508       0x18 out/mbfuncdisc_m.o
 .debug_ranges  0x00000520       0x18 out/mbfuncinput_m.o
 .debug_ranges  0x00000538       0x48 out/mbfuncholding_m.o
 .debug_ranges  0x00000580       0x78 out/stm32f4xx_hal_rcc.o
 .debug_ranges  0x000005f8      0x1c8 out/stm32f4xx_hal_i2c.o
 .debug_ranges  0x000007c0      0x118 out/stm32f4xx_hal_cortex.o
 .debug_ranges  0x000008d8      0x128 out/stm32f4xx_hal_uart.o
 .debug_ranges  0x00000a00       0x98 out/stm32f4xx_ll_fsmc.o
 .debug_ranges  0x00000a98       0x90 out/stm32f4xx_hal_sram.o
 .debug_ranges  0x00000b28      0x130 out/stm32f4xx_hal_tim_ex.o
 .debug_ranges  0x00000c58      0x3f8 out/stm32f4xx_hal_tim.o
 .debug_ranges  0x00001050       0x48 out/stm32f4xx_hal_gpio.o
 .debug_ranges  0x00001098       0xb0 out/stm32f4xx_hal.o

.debug_loc      0x00000000     0xc4d0
 .debug_loc     0x00000000       0xc8 out/system_stm32f4xx.o
 .debug_loc     0x000000c8       0x21 out/stm32f4xx_it.o
 .debug_loc     0x000000e9      0x7b3 out/main.o
 .debug_loc     0x0000089c       0xe7 out/stm32f4xx_hal_msp.o
 .debug_loc     0x00000983      0x43c out/newlib_stubs.o
 .debug_loc     0x00000dbf      0x14d out/portevent_m.o
 .debug_loc     0x00000f0c      0x265 out/portserial_m.o
 .debug_loc     0x00001171       0x42 out/porttimer_m.o
 .debug_loc     0x000011b3      0x268 out/mb_m.o
 .debug_loc     0x0000141b      0x275 out/mbrtu_m.o
 .debug_loc     0x00001690       0xbd out/mbcrc.o
 .debug_loc     0x0000174d      0x32b out/mbutils.o
 .debug_loc     0x00001a78      0x7ee out/mbfunccoils_m.o
 .debug_loc     0x00002266      0x132 out/mbfuncother.o
 .debug_loc     0x00002398      0x292 out/mbfuncdisc_m.o
 .debug_loc     0x0000262a      0x26d out/mbfuncinput_m.o
 .debug_loc     0x00002897      0xb52 out/mbfuncholding_m.o
 .debug_loc     0x000033e9      0x650 out/stm32f4xx_hal_rcc.o
 .debug_loc     0x00003a39     0x25c1 out/stm32f4xx_hal_i2c.o
 .debug_loc     0x00005ffa      0x498 out/stm32f4xx_hal_cortex.o
 .debug_loc     0x00006492      0xf0d out/stm32f4xx_hal_uart.o
 .debug_loc     0x0000739f      0x8c9 out/stm32f4xx_ll_fsmc.o
 .debug_loc     0x00007c68      0x744 out/stm32f4xx_hal_sram.o
 .debug_loc     0x000083ac      0xc37 out/stm32f4xx_hal_tim_ex.o
 .debug_loc     0x00008fe3     0x2f36 out/stm32f4xx_hal_tim.o
 .debug_loc     0x0000bf19      0x50f out/stm32f4xx_hal_gpio.o
 .debug_loc     0x0000c428       0xa8 out/stm32f4xx_hal.o

.debug_macro    0x00000000    0x16a5c
 .debug_macro   0x00000000      0x220 out/system_stm32f4xx.o
 .debug_macro   0x00000220      0x892 out/system_stm32f4xx.o
 .debug_macro   0x00000ab2       0x34 out/system_stm32f4xx.o
 .debug_macro   0x00000ae6       0x28 out/system_stm32f4xx.o
 .debug_macro   0x00000b0e       0x3b out/system_stm32f4xx.o
 .debug_macro   0x00000b49       0x22 out/system_stm32f4xx.o
 .debug_macro   0x00000b6b       0x44 out/system_stm32f4xx.o
 .debug_macro   0x00000baf       0x1c out/system_stm32f4xx.o
 .debug_macro   0x00000bcb      0x1f7 out/system_stm32f4xx.o
 .debug_macro   0x00000dc2       0x2d out/system_stm32f4xx.o
 .debug_macro   0x00000def       0x26 out/system_stm32f4xx.o
 .debug_macro   0x00000e15      0xd39 out/system_stm32f4xx.o
 .debug_macro   0x00001b4e     0x9201 out/system_stm32f4xx.o
 .debug_macro   0x0000ad4f       0x43 out/system_stm32f4xx.o
 .debug_macro   0x0000ad92      0x1d2 out/system_stm32f4xx.o
 .debug_macro   0x0000af64     0x2694 out/system_stm32f4xx.o
 .debug_macro   0x0000d5f8       0x64 out/system_stm32f4xx.o
 .debug_macro   0x0000d65c      0xa22 out/system_stm32f4xx.o
 .debug_macro   0x0000e07e      0x40f out/system_stm32f4xx.o
 .debug_macro   0x0000e48d      0x15b out/system_stm32f4xx.o
 .debug_macro   0x0000e5e8      0x11e out/system_stm32f4xx.o
 .debug_macro   0x0000e706      0x13e out/system_stm32f4xx.o
 .debug_macro   0x0000e844       0x27 out/system_stm32f4xx.o
 .debug_macro   0x0000e86b      0x272 out/system_stm32f4xx.o
 .debug_macro   0x0000eadd       0x5f out/system_stm32f4xx.o
 .debug_macro   0x0000eb3c       0x5d out/system_stm32f4xx.o
 .debug_macro   0x0000eb99       0x23 out/system_stm32f4xx.o
 .debug_macro   0x0000ebbc      0x133 out/system_stm32f4xx.o
 .debug_macro   0x0000ecef      0x217 out/system_stm32f4xx.o
 .debug_macro   0x0000ef06       0x2e out/system_stm32f4xx.o
 .debug_macro   0x0000ef34      0x4ef out/system_stm32f4xx.o
 .debug_macro   0x0000f423       0x88 out/system_stm32f4xx.o
 .debug_macro   0x0000f4ab      0x17d out/system_stm32f4xx.o
 .debug_macro   0x0000f628       0x9e out/system_stm32f4xx.o
 .debug_macro   0x0000f6c6      0x13a out/system_stm32f4xx.o
 .debug_macro   0x0000f800       0x5e out/system_stm32f4xx.o
 .debug_macro   0x0000f85e       0x97 out/system_stm32f4xx.o
 .debug_macro   0x0000f8f5      0x31a out/system_stm32f4xx.o
 .debug_macro   0x0000fc0f      0x409 out/system_stm32f4xx.o
 .debug_macro   0x00010018       0xe4 out/system_stm32f4xx.o
 .debug_macro   0x000100fc      0x6d9 out/system_stm32f4xx.o
 .debug_macro   0x000107d5       0x59 out/system_stm32f4xx.o
 .debug_macro   0x0001082e      0x14d out/system_stm32f4xx.o
 .debug_macro   0x0001097b      0x287 out/system_stm32f4xx.o
 .debug_macro   0x00010c02      0x225 out/system_stm32f4xx.o
 .debug_macro   0x00010e27       0x94 out/system_stm32f4xx.o
 .debug_macro   0x00010ebb      0x125 out/system_stm32f4xx.o
 .debug_macro   0x00010fe0      0x240 out/stm32f4xx_it.o
 .debug_macro   0x00011220      0x153 out/stm32f4xx_it.o
 .debug_macro   0x00011373       0x22 out/stm32f4xx_it.o
 .debug_macro   0x00011395      0x3d9 out/main.o
 .debug_macro   0x0001176e       0x58 out/main.o
 .debug_macro   0x000117c6       0x35 out/main.o
 .debug_macro   0x000117fb       0x9c out/main.o
 .debug_macro   0x00011897       0x16 out/main.o
 .debug_macro   0x000118ad       0x4a out/main.o
 .debug_macro   0x000118f7       0x97 out/main.o
 .debug_macro   0x0001198e      0x29d out/main.o
 .debug_macro   0x00011c2b       0xef out/main.o
 .debug_macro   0x00011d1a       0x10 out/main.o
 .debug_macro   0x00011d2a       0x52 out/main.o
 .debug_macro   0x00011d7c       0x16 out/main.o
 .debug_macro   0x00011d92       0x43 out/main.o
 .debug_macro   0x00011dd5      0x180 out/main.o
 .debug_macro   0x00011f55       0x10 out/main.o
 .debug_macro   0x00011f65       0x22 out/main.o
 .debug_macro   0x00011f87       0xbd out/main.o
 .debug_macro   0x00012044       0x16 out/main.o
 .debug_macro   0x0001205a      0x16d out/main.o
 .debug_macro   0x000121c7       0x16 out/main.o
 .debug_macro   0x000121dd       0x35 out/main.o
 .debug_macro   0x00012212       0x16 out/main.o
 .debug_macro   0x00012228       0x29 out/main.o
 .debug_macro   0x00012251       0x16 out/main.o
 .debug_macro   0x00012267       0x57 out/main.o
 .debug_macro   0x000122be       0x16 out/main.o
 .debug_macro   0x000122d4       0x10 out/main.o
 .debug_macro   0x000122e4      0x448 out/main.o
 .debug_macro   0x0001272c       0x8e out/main.o
 .debug_macro   0x000127ba       0x34 out/main.o
 .debug_macro   0x000127ee       0x7c out/main.o
 .debug_macro   0x0001286a      0x229 out/stm32f4xx_hal_msp.o
 .debug_macro   0x00012a93      0x333 out/newlib_stubs.o
 .debug_macro   0x00012dc6       0x10 out/newlib_stubs.o
 .debug_macro   0x00012dd6      0x166 out/newlib_stubs.o
 .debug_macro   0x00012f3c      0x23b out/newlib_stubs.o
 .debug_macro   0x00013177       0x10 out/newlib_stubs.o
 .debug_macro   0x00013187       0x10 out/newlib_stubs.o
 .debug_macro   0x00013197       0x10 out/newlib_stubs.o
 .debug_macro   0x000131a7       0x35 out/newlib_stubs.o
 .debug_macro   0x000131dc      0x121 out/newlib_stubs.o
 .debug_macro   0x000132fd       0x16 out/newlib_stubs.o
 .debug_macro   0x00013313      0x48e out/newlib_stubs.o
 .debug_macro   0x000137a1       0xf9 out/portevent_m.o
 .debug_macro   0x0001389a       0x82 out/portevent_m.o
 .debug_macro   0x0001391c      0x2d4 out/portserial_m.o
 .debug_macro   0x00013bf0      0x2e4 out/porttimer_m.o
 .debug_macro   0x00013ed4      0x292 out/port.o
 .debug_macro   0x00014166      0x1bc out/mb_m.o
 .debug_macro   0x00014322      0x10e out/mb_m.o
 .debug_macro   0x00014430       0x7f out/mb_m.o
 .debug_macro   0x000144af       0x10 out/mb_m.o
 .debug_macro   0x000144bf      0x1fd out/mb_m.o
 .debug_macro   0x000146bc       0x22 out/mb_m.o
 .debug_macro   0x000146de      0x1d0 out/mbrtu_m.o
 .debug_macro   0x000148ae       0xb5 out/mbcrc.o
 .debug_macro   0x00014963      0x187 out/mbutils.o
 .debug_macro   0x00014aea      0x21c out/mbfunccoils_m.o
 .debug_macro   0x00014d06      0x18a out/mbfuncother.o
 .debug_macro   0x00014e90      0x1c2 out/mbfuncdisc_m.o
 .debug_macro   0x00015052      0x1c8 out/mbfuncinput_m.o